Archive member included because of file (symbol)

/Applications/KDS_v3.app/Contents/toolchain/bin/../lib/gcc/arm-none-eabi/4.8.4/../../../../arm-none-eabi/lib/armv7e-m/fpu/libm.a(lib_a-s_modf.o)
                              ./utilities/fsl_debug_console.o (modf)
/Applications/KDS_v3.app/Contents/toolchain/bin/../lib/gcc/arm-none-eabi/4.8.4/../../../../arm-none-eabi/lib/armv7e-m/fpu/libm.a(lib_a-w_pow.o)
                              ./utilities/fsl_debug_console.o (pow)
/Applications/KDS_v3.app/Contents/toolchain/bin/../lib/gcc/arm-none-eabi/4.8.4/../../../../arm-none-eabi/lib/armv7e-m/fpu/libm.a(lib_a-e_pow.o)
                              /Applications/KDS_v3.app/Contents/toolchain/bin/../lib/gcc/arm-none-eabi/4.8.4/../../../../arm-none-eabi/lib/armv7e-m/fpu/libm.a(lib_a-w_pow.o) (__ieee754_pow)
/Applications/KDS_v3.app/Contents/toolchain/bin/../lib/gcc/arm-none-eabi/4.8.4/../../../../arm-none-eabi/lib/armv7e-m/fpu/libm.a(lib_a-e_sqrt.o)
                              /Applications/KDS_v3.app/Contents/toolchain/bin/../lib/gcc/arm-none-eabi/4.8.4/../../../../arm-none-eabi/lib/armv7e-m/fpu/libm.a(lib_a-e_pow.o) (__ieee754_sqrt)
/Applications/KDS_v3.app/Contents/toolchain/bin/../lib/gcc/arm-none-eabi/4.8.4/../../../../arm-none-eabi/lib/armv7e-m/fpu/libm.a(lib_a-s_fabs.o)
                              /Applications/KDS_v3.app/Contents/toolchain/bin/../lib/gcc/arm-none-eabi/4.8.4/../../../../arm-none-eabi/lib/armv7e-m/fpu/libm.a(lib_a-e_pow.o) (fabs)
/Applications/KDS_v3.app/Contents/toolchain/bin/../lib/gcc/arm-none-eabi/4.8.4/../../../../arm-none-eabi/lib/armv7e-m/fpu/libm.a(lib_a-s_finite.o)
                              /Applications/KDS_v3.app/Contents/toolchain/bin/../lib/gcc/arm-none-eabi/4.8.4/../../../../arm-none-eabi/lib/armv7e-m/fpu/libm.a(lib_a-w_pow.o) (finite)
/Applications/KDS_v3.app/Contents/toolchain/bin/../lib/gcc/arm-none-eabi/4.8.4/../../../../arm-none-eabi/lib/armv7e-m/fpu/libm.a(lib_a-s_fpclassify.o)
                              /Applications/KDS_v3.app/Contents/toolchain/bin/../lib/gcc/arm-none-eabi/4.8.4/../../../../arm-none-eabi/lib/armv7e-m/fpu/libm.a(lib_a-w_pow.o) (__fpclassifyd)
/Applications/KDS_v3.app/Contents/toolchain/bin/../lib/gcc/arm-none-eabi/4.8.4/../../../../arm-none-eabi/lib/armv7e-m/fpu/libm.a(lib_a-s_lib_ver.o)
                              /Applications/KDS_v3.app/Contents/toolchain/bin/../lib/gcc/arm-none-eabi/4.8.4/../../../../arm-none-eabi/lib/armv7e-m/fpu/libm.a(lib_a-w_pow.o) (__fdlib_version)
/Applications/KDS_v3.app/Contents/toolchain/bin/../lib/gcc/arm-none-eabi/4.8.4/../../../../arm-none-eabi/lib/armv7e-m/fpu/libm.a(lib_a-s_matherr.o)
                              /Applications/KDS_v3.app/Contents/toolchain/bin/../lib/gcc/arm-none-eabi/4.8.4/../../../../arm-none-eabi/lib/armv7e-m/fpu/libm.a(lib_a-w_pow.o) (matherr)
/Applications/KDS_v3.app/Contents/toolchain/bin/../lib/gcc/arm-none-eabi/4.8.4/../../../../arm-none-eabi/lib/armv7e-m/fpu/libm.a(lib_a-s_nan.o)
                              /Applications/KDS_v3.app/Contents/toolchain/bin/../lib/gcc/arm-none-eabi/4.8.4/../../../../arm-none-eabi/lib/armv7e-m/fpu/libm.a(lib_a-e_pow.o) (nan)
/Applications/KDS_v3.app/Contents/toolchain/bin/../lib/gcc/arm-none-eabi/4.8.4/../../../../arm-none-eabi/lib/armv7e-m/fpu/libm.a(lib_a-s_rint.o)
                              /Applications/KDS_v3.app/Contents/toolchain/bin/../lib/gcc/arm-none-eabi/4.8.4/../../../../arm-none-eabi/lib/armv7e-m/fpu/libm.a(lib_a-w_pow.o) (rint)
/Applications/KDS_v3.app/Contents/toolchain/bin/../lib/gcc/arm-none-eabi/4.8.4/../../../../arm-none-eabi/lib/armv7e-m/fpu/libm.a(lib_a-s_scalbn.o)
                              /Applications/KDS_v3.app/Contents/toolchain/bin/../lib/gcc/arm-none-eabi/4.8.4/../../../../arm-none-eabi/lib/armv7e-m/fpu/libm.a(lib_a-e_pow.o) (scalbn)
/Applications/KDS_v3.app/Contents/toolchain/bin/../lib/gcc/arm-none-eabi/4.8.4/../../../../arm-none-eabi/lib/armv7e-m/fpu/libm.a(lib_a-s_copysign.o)
                              /Applications/KDS_v3.app/Contents/toolchain/bin/../lib/gcc/arm-none-eabi/4.8.4/../../../../arm-none-eabi/lib/armv7e-m/fpu/libm.a(lib_a-s_scalbn.o) (copysign)
/Applications/KDS_v3.app/Contents/toolchain/bin/../lib/gcc/arm-none-eabi/4.8.4/armv7e-m/fpu/libgcc.a(_arm_addsubdf3.o)
                              ./utilities/fsl_debug_console.o (__aeabi_dsub)
/Applications/KDS_v3.app/Contents/toolchain/bin/../lib/gcc/arm-none-eabi/4.8.4/armv7e-m/fpu/libgcc.a(_arm_muldivdf3.o)
                              ./utilities/fsl_debug_console.o (__aeabi_dmul)
/Applications/KDS_v3.app/Contents/toolchain/bin/../lib/gcc/arm-none-eabi/4.8.4/armv7e-m/fpu/libgcc.a(_arm_cmpdf2.o)
                              ./utilities/fsl_debug_console.o (__aeabi_dcmpeq)
/Applications/KDS_v3.app/Contents/toolchain/bin/../lib/gcc/arm-none-eabi/4.8.4/armv7e-m/fpu/libgcc.a(_arm_fixdfsi.o)
                              ./utilities/fsl_debug_console.o (__aeabi_d2iz)
[...]
Memory Configuration

Name             Origin             Length             Attributes
m_interrupts     0x0000000000000000 0x0000000000000400 xr
m_flash_config   0x0000000000000400 0x0000000000000010 xr
m_text           0x0000000000000410 0x00000000001ffbf0 xr
m_data           0x000000001fff0000 0x0000000000010000 rw
m_data_2         0x0000000020000000 0x0000000000030000 rw
*default*        0x0000000000000000 0xffffffffffffffff

Linker script and memory map

LOAD /Applications/KDS_v3.app/Contents/toolchain/bin/../lib/gcc/arm-none-eabi/4.8.4/armv7e-m/fpu/crti.o
LOAD /Applications/KDS_v3.app/Contents/toolchain/bin/../lib/gcc/arm-none-eabi/4.8.4/armv7e-m/fpu/crtbegin.o
LOAD /Applications/KDS_v3.app/Contents/toolchain/bin/../lib/gcc/arm-none-eabi/4.8.4/../../../../arm-none-eabi/lib/armv7e-m/fpu/crt0.o
LOAD ./utilities/fsl_debug_console.o
LOAD ./utilities/fsl_notifier.o
LOAD ./utilities/fsl_sbrk.o
LOAD ./startup/startup_MK66F18.o
LOAD ./startup/system_MK66F18.o
LOAD ./source/button.o
LOAD ./source/flowsensor.o
LOAD ./source/heartrate.o
LOAD ./source/main.o
LOAD ./source/motorcontrol.o
LOAD ./source/pressuresensor.o
LOAD ./source/solenoid.o
LOAD ./source/spi_proto_slave.o
LOAD ./freertos/Source/portable/MemMang/heap_4.o
LOAD ./freertos/Source/portable/GCC/ARM_CM4F/port.o
LOAD ./freertos/Source/croutine.o
LOAD ./freertos/Source/event_groups.o
LOAD ./freertos/Source/list.o
LOAD ./freertos/Source/queue.o
LOAD ./freertos/Source/tasks.o
LOAD ./freertos/Source/timers.o
LOAD ./drivers/fsl_adc16.o
LOAD ./drivers/fsl_clock.o
LOAD ./drivers/fsl_cmp.o
LOAD ./drivers/fsl_cmt.o
LOAD ./drivers/fsl_common.o
LOAD ./drivers/fsl_crc.o
LOAD ./drivers/fsl_dac.o
LOAD ./drivers/fsl_dmamux.o
LOAD ./drivers/fsl_dspi.o
LOAD ./drivers/fsl_dspi_edma.o
LOAD ./drivers/fsl_dspi_freertos.o
LOAD ./drivers/fsl_edma.o
LOAD ./drivers/fsl_enet.o
LOAD ./drivers/fsl_ewm.o
LOAD ./drivers/fsl_flash.o
LOAD ./drivers/fsl_flexbus.o
LOAD ./drivers/fsl_flexcan.o
LOAD ./drivers/fsl_ftm.o
LOAD ./drivers/fsl_gpio.o
LOAD ./drivers/fsl_i2c.o
LOAD ./drivers/fsl_i2c_edma.o
LOAD ./drivers/fsl_i2c_freertos.o
LOAD ./drivers/fsl_llwu.o
LOAD ./drivers/fsl_lmem_cache.o
LOAD ./drivers/fsl_lptmr.o
LOAD ./drivers/fsl_lpuart.o
LOAD ./drivers/fsl_lpuart_edma.o
LOAD ./drivers/fsl_lpuart_freertos.o
LOAD ./drivers/fsl_mpu.o
LOAD ./drivers/fsl_pdb.o
LOAD ./drivers/fsl_pit.o
LOAD ./drivers/fsl_pmc.o
LOAD ./drivers/fsl_rcm.o
LOAD ./drivers/fsl_rnga.o
LOAD ./drivers/fsl_rtc.o
LOAD ./drivers/fsl_sai.o
LOAD ./drivers/fsl_sai_edma.o
LOAD ./drivers/fsl_sdhc.o
LOAD ./drivers/fsl_sdramc.o
LOAD ./drivers/fsl_sim.o
LOAD ./drivers/fsl_smc.o
LOAD ./drivers/fsl_tpm.o
LOAD ./drivers/fsl_tsi_v4.o
LOAD ./drivers/fsl_uart.o
LOAD ./drivers/fsl_uart_edma.o
LOAD ./drivers/fsl_uart_freertos.o
LOAD ./drivers/fsl_vref.o
LOAD ./drivers/fsl_wdog.o
LOAD ./board/board.o
LOAD ./board/clock_config.o
LOAD ./board/pin_mux.o
LOAD /Applications/KDS_v3.app/Contents/toolchain/bin/../lib/gcc/arm-none-eabi/4.8.4/../../../../arm-none-eabi/lib/armv7e-m/fpu/libstdc++_s.a
LOAD /Applications/KDS_v3.app/Contents/toolchain/bin/../lib/gcc/arm-none-eabi/4.8.4/../../../../arm-none-eabi/lib/armv7e-m/fpu/libm.a
START GROUP
LOAD /Applications/KDS_v3.app/Contents/toolchain/bin/../lib/gcc/arm-none-eabi/4.8.4/armv7e-m/fpu/libgcc.a
LOAD /Applications/KDS_v3.app/Contents/toolchain/bin/../lib/gcc/arm-none-eabi/4.8.4/../../../../arm-none-eabi/lib/armv7e-m/fpu/libg_s.a
LOAD /Applications/KDS_v3.app/Contents/toolchain/bin/../lib/gcc/arm-none-eabi/4.8.4/../../../../arm-none-eabi/lib/armv7e-m/fpu/libc_s.a
END GROUP
START GROUP
LOAD /Applications/KDS_v3.app/Contents/toolchain/bin/../lib/gcc/arm-none-eabi/4.8.4/armv7e-m/fpu/libgcc.a
LOAD /Applications/KDS_v3.app/Contents/toolchain/bin/../lib/gcc/arm-none-eabi/4.8.4/../../../../arm-none-eabi/lib/armv7e-m/fpu/libc_s.a
LOAD /Applications/KDS_v3.app/Contents/toolchain/bin/../lib/gcc/arm-none-eabi/4.8.4/../../../../arm-none-eabi/lib/armv7e-m/fpu/libnosys.a
END GROUP
START GROUP
LOAD /Applications/KDS_v3.app/Contents/toolchain/bin/../lib/gcc/arm-none-eabi/4.8.4/armv7e-m/fpu/libgcc.a
LOAD /Applications/KDS_v3.app/Contents/toolchain/bin/../lib/gcc/arm-none-eabi/4.8.4/../../../../arm-none-eabi/lib/armv7e-m/fpu/libc_s.a
LOAD /Applications/KDS_v3.app/Contents/toolchain/bin/../lib/gcc/arm-none-eabi/4.8.4/../../../../arm-none-eabi/lib/armv7e-m/fpu/libnosys.a
END GROUP
LOAD /Applications/KDS_v3.app/Contents/toolchain/bin/../lib/gcc/arm-none-eabi/4.8.4/armv7e-m/fpu/crtend.o
LOAD /Applications/KDS_v3.app/Contents/toolchain/bin/../lib/gcc/arm-none-eabi/4.8.4/armv7e-m/fpu/crtn.o
                0x0000000000000400                HEAP_SIZE = DEFINED (__heap_size__)?__heap_size__:0x400
                0x0000000000000400                STACK_SIZE = DEFINED (__stack_size__)?__stack_size__:0x400
                0x0000000000000000                M_VECTOR_RAM_SIZE = DEFINED (__ram_vector_table__)?0x400:0x0

.interrupts     0x0000000000000000      0x400
                0x0000000000000000                __VECTOR_TABLE = .
                0x0000000000000000                . = ALIGN (0x4)
 *(.isr_vector)
 .isr_vector    0x0000000000000000      0x400 ./startup/startup_MK66F18.o
                0x0000000000000000                __isr_vector
                0x0000000000000400                . = ALIGN (0x4)

.flash_config   0x0000000000000400       0x10
                0x0000000000000400                . = ALIGN (0x4)
 *(.FlashConfig)
 .FlashConfig   0x0000000000000400       0x10 ./startup/startup_MK66F18.o
                0x0000000000000410                . = ALIGN (0x4)

.text           0x0000000000000410     0xd518
                0x0000000000000410                . = ALIGN (0x4)
 *(.text)
 .text          0x0000000000000410       0x54 /Applications/KDS_v3.app/Contents/toolchain/bin/../lib/gcc/arm-none-eabi/4.8.4/armv7e-m/fpu/crtbegin.o
 .text          0x0000000000000464       0x74 /Applications/KDS_v3.app/Contents/toolchain/bin/../lib/gcc/arm-none-eabi/4.8.4/../../../../arm-none-eabi/lib/armv7e-m/fpu/crt0.o
                0x0000000000000464                _mainCRTStartup
                0x0000000000000464                _start
 .text          0x00000000000004d8      0x1f8 ./startup/startup_MK66F18.o
                0x00000000000004d8                Reset_Handler
                0x000000000000051c                DebugMon_Handler
                0x000000000000051c                DMA13_DMA29_DriverIRQHandler
                0x000000000000051c                DMA3_DMA19_DriverIRQHandler
                0x000000000000051c                Read_Collision_IRQHandler
                0x000000000000051c                DMA1_DMA17_DriverIRQHandler
                0x000000000000051c                USBHSDCD_IRQHandler
                0x000000000000051c                USBDCD_IRQHandler
                0x000000000000051c                DMA8_DMA24_DriverIRQHandler
                0x000000000000051c                DMA6_DMA22_DriverIRQHandler
                0x000000000000051c                USB0_IRQHandler
                0x000000000000051c                UART4_ERR_DriverIRQHandler
                0x000000000000051c                WDOG_EWM_IRQHandler
                0x000000000000051c                MemManage_Handler
                0x000000000000051c                DMA11_DMA27_DriverIRQHandler
                0x000000000000051c                DMA4_DMA20_DriverIRQHandler
                0x000000000000051c                DMA9_DMA25_DriverIRQHandler
                0x000000000000051c                RNG_IRQHandler
                0x000000000000051c                ENET_Receive_DriverIRQHandler
                0x000000000000051c                DAC0_IRQHandler
                0x000000000000051c                Reserved46_IRQHandler
                0x000000000000051c                ENET_Error_DriverIRQHandler
                0x000000000000051c                TPM1_IRQHandler
                0x000000000000051c                PIT1_IRQHandler
                0x000000000000051c                LVD_LVW_IRQHandler
                0x000000000000051c                FTM0_IRQHandler
                0x000000000000051c                PORTA_IRQHandler
                0x000000000000051c                DAC1_IRQHandler
                0x000000000000051c                MCM_IRQHandler
                0x000000000000051c                FTM3_IRQHandler
                0x000000000000051c                PORTE_IRQHandler
                0x000000000000051c                DMA5_DMA21_DriverIRQHandler
                0x000000000000051c                FTM2_IRQHandler
                0x000000000000051c                LPTMR0_IRQHandler
                0x000000000000051c                BusFault_Handler
                0x000000000000051c                DMA15_DMA31_DriverIRQHandler
                0x000000000000051c                UART1_ERR_DriverIRQHandler
                0x000000000000051c                ENET_Transmit_DriverIRQHandler
                0x000000000000051c                CMP0_IRQHandler
                0x000000000000051c                PORTC_IRQHandler
                0x000000000000051c                Reserved85_IRQHandler
                0x000000000000051c                DMA_Error_DriverIRQHandler
                0x000000000000051c                USBHS_IRQHandler
                0x000000000000051c                PIT0_IRQHandler
                0x000000000000051c                DMA7_DMA23_DriverIRQHandler
                0x000000000000051c                CMP2_IRQHandler
                0x000000000000051c                LLWU_IRQHandler
                0x000000000000051c                Reserved84_IRQHandler
                0x000000000000051c                TSI0_IRQHandler
                0x000000000000051c                DMA14_DMA30_DriverIRQHandler
                0x000000000000051c                ENET_1588_Timer_DriverIRQHandler
                0x000000000000051c                SWI_IRQHandler
                0x000000000000051c                ADC0_IRQHandler
                0x000000000000051c                UsageFault_Handler
                0x000000000000051c                CMT_IRQHandler
                0x000000000000051c                DMA0_DMA16_DriverIRQHandler
                0x000000000000051c                DefaultISR
                0x000000000000051c                DMA2_DMA18_DriverIRQHandler
                0x000000000000051c                CMP1_IRQHandler
                0x000000000000051c                Reserved71_IRQHandler
                0x000000000000051c                PORTD_IRQHandler
                0x000000000000051c                PORTB_IRQHandler
                0x000000000000051c                UART2_ERR_DriverIRQHandler
                0x000000000000051c                ADC1_IRQHandler
                0x000000000000051c                TPM2_IRQHandler
                0x000000000000051c                PIT2_IRQHandler
                0x000000000000051c                RTC_IRQHandler
                0x000000000000051c                UART3_ERR_DriverIRQHandler
                0x000000000000051c                PDB0_IRQHandler
                0x000000000000051c                CMP3_IRQHandler
                0x000000000000051c                FTM1_IRQHandler
                0x000000000000051c                DMA12_DMA28_DriverIRQHandler
                0x000000000000051c                PIT3_IRQHandler
                0x000000000000051c                RTC_Seconds_IRQHandler
                0x000000000000051c                MCG_IRQHandler
                0x000000000000051c                FTFE_IRQHandler
                0x000000000000051c                DMA10_DMA26_DriverIRQHandler
                0x000000000000051c                UART0_ERR_DriverIRQHandler
                0x0000000000000520                NMI_Handler
                0x0000000000000524                HardFault_Handler
                0x0000000000000574                DMA_Error_IRQHandler
                0x0000000000000578                I2C0_IRQHandler
                0x000000000000057c                I2C1_IRQHandler
                0x0000000000000580                SPI0_IRQHandler
                0x0000000000000584                SPI1_IRQHandler
                0x0000000000000588                I2S0_Tx_IRQHandler
                0x000000000000058c                I2S0_Rx_IRQHandler
                0x0000000000000590                UART0_RX_TX_IRQHandler
                0x0000000000000594                UART0_ERR_IRQHandler
                0x0000000000000598                UART1_RX_TX_IRQHandler
                0x000000000000059c                UART1_ERR_IRQHandler
                0x00000000000005a0                UART2_RX_TX_IRQHandler
                0x00000000000005a4                UART2_ERR_IRQHandler
                0x00000000000005a8                UART3_RX_TX_IRQHandler
                0x00000000000005ac                UART3_ERR_IRQHandler
                0x00000000000005b0                SPI2_IRQHandler
                0x00000000000005b4                UART4_RX_TX_IRQHandler
                0x00000000000005b8                UART4_ERR_IRQHandler
                0x00000000000005bc                I2C2_IRQHandler
                0x00000000000005c0                CAN0_ORed_Message_buffer_IRQHandler
                0x00000000000005c4                CAN0_Bus_Off_IRQHandler
                0x00000000000005c8                CAN0_Error_IRQHandler
                0x00000000000005cc                CAN0_Tx_Warning_IRQHandler
                0x00000000000005d0                CAN0_Rx_Warning_IRQHandler
                0x00000000000005d4                CAN0_Wake_Up_IRQHandler
                0x00000000000005d8                SDHC_IRQHandler
                0x00000000000005ec                LPUART0_IRQHandler
                0x00000000000005f0                I2C3_IRQHandler
                0x00000000000005f4                CAN1_ORed_Message_buffer_IRQHandler
                0x00000000000005f8                CAN1_Bus_Off_IRQHandler
                0x00000000000005fc                CAN1_Error_IRQHandler
                0x0000000000000600                CAN1_Tx_Warning_IRQHandler
                0x0000000000000604                CAN1_Rx_Warning_IRQHandler
                0x0000000000000608                CAN1_Wake_Up_IRQHandler
 .text          0x00000000000006d0      0x370 /Applications/KDS_v3.app/Contents/toolchain/bin/../lib/gcc/arm-none-eabi/4.8.4/armv7e-m/fpu/libgcc.a(_arm_addsubdf3.o)
                0x00000000000006d0                __aeabi_drsub
                0x00000000000006d8                __subdf3
                0x00000000000006d8                __aeabi_dsub
                0x00000000000006dc                __aeabi_dadd
                0x00000000000006dc                __adddf3
                0x0000000000000954                __aeabi_ui2d
                0x0000000000000954                __floatunsidf
                0x0000000000000974                __floatsidf
                0x0000000000000974                __aeabi_i2d
                0x0000000000000998                __extendsfdf2
                0x0000000000000998                __aeabi_f2d
                0x00000000000009d4                __aeabi_ul2d
                0x00000000000009d4                __floatundidf
                0x00000000000009e4                __aeabi_l2d
                0x00000000000009e4                __floatdidf
 .text          0x0000000000000a40      0x424 /Applications/KDS_v3.app/Contents/toolchain/bin/../lib/gcc/arm-none-eabi/4.8.4/armv7e-m/fpu/libgcc.a(_arm_muldivdf3.o)
                0x0000000000000a40                __aeabi_dmul
                0x0000000000000a40                __muldf3
                0x0000000000000c94                __aeabi_ddiv
                0x0000000000000c94                __divdf3
 .text          0x0000000000000e64      0x110 /Applications/KDS_v3.app/Contents/toolchain/bin/../lib/gcc/arm-none-eabi/4.8.4/armv7e-m/fpu/libgcc.a(_arm_cmpdf2.o)
                0x0000000000000e64                __gtdf2
                0x0000000000000e64                __gedf2
                0x0000000000000e6c                __ltdf2
                0x0000000000000e6c                __ledf2
                0x0000000000000e74                __eqdf2
                0x0000000000000e74                __nedf2
                0x0000000000000e74                __cmpdf2
                0x0000000000000ef0                __aeabi_cdrcmple
                0x0000000000000f00                __aeabi_cdcmple
                0x0000000000000f00                __aeabi_cdcmpeq
                0x0000000000000f10                __aeabi_dcmpeq
                0x0000000000000f24                __aeabi_dcmplt
                0x0000000000000f38                __aeabi_dcmple
                0x0000000000000f4c                __aeabi_dcmpge
                0x0000000000000f60                __aeabi_dcmpgt
 .text          0x0000000000000f74       0x50 /Applications/KDS_v3.app/Contents/toolchain/bin/../lib/gcc/arm-none-eabi/4.8.4/armv7e-m/fpu/libgcc.a(_arm_fixdfsi.o)
                0x0000000000000f74                __fixdfsi
                0x0000000000000f74                __aeabi_d2iz
 .text          0x0000000000000fc4       0x40 /Applications/KDS_v3.app/Contents/toolchain/bin/../lib/gcc/arm-none-eabi/4.8.4/armv7e-m/fpu/libgcc.a(_arm_fixunsdfsi.o)
                0x0000000000000fc4                __fixunsdfsi
                0x0000000000000fc4                __aeabi_d2uiz
 .text          0x0000000000001004       0x38 /Applications/KDS_v3.app/Contents/toolchain/bin/../lib/gcc/arm-none-eabi/4.8.4/armv7e-m/fpu/libgcc.a(_aeabi_ldivmod.o)
                0x0000000000001004                __aeabi_ldivmod
 .text          0x000000000000103c       0x2c /Applications/KDS_v3.app/Contents/toolchain/bin/../lib/gcc/arm-none-eabi/4.8.4/armv7e-m/fpu/libgcc.a(_aeabi_uldivmod.o)
                0x000000000000103c                __aeabi_uldivmod
 .text          0x0000000000001068       0x30 /Applications/KDS_v3.app/Contents/toolchain/bin/../lib/gcc/arm-none-eabi/4.8.4/armv7e-m/fpu/libgcc.a(_fixdfdi.o)
                0x0000000000001068                __aeabi_d2lz
                0x0000000000001068                __fixdfdi
 .text          0x0000000000001098       0x44 /Applications/KDS_v3.app/Contents/toolchain/bin/../lib/gcc/arm-none-eabi/4.8.4/armv7e-m/fpu/libgcc.a(_fixunsdfdi.o)
                0x0000000000001098                __aeabi_d2ulz
                0x0000000000001098                __fixunsdfdi
 .text          0x00000000000010dc       0x60 /Applications/KDS_v3.app/Contents/toolchain/bin/../lib/gcc/arm-none-eabi/4.8.4/armv7e-m/fpu/libgcc.a(bpabi.o)
                0x00000000000010dc                __gnu_ldivmod_helper
                0x000000000000110c                __gnu_uldivmod_helper
 .text          0x000000000000113c      0xa1c /Applications/KDS_v3.app/Contents/toolchain/bin/../lib/gcc/arm-none-eabi/4.8.4/armv7e-m/fpu/libgcc.a(unwind-arm.o)
                0x0000000000001420                _Unwind_GetCFA
                0x0000000000001424                __gnu_Unwind_RaiseException
                0x0000000000001484                __gnu_Unwind_ForcedUnwind
                0x0000000000001498                __gnu_Unwind_Resume
                0x00000000000014dc                __gnu_Unwind_Resume_or_Rethrow
                0x00000000000014ec                _Unwind_Complete
                0x00000000000014f0                _Unwind_DeleteException
                0x0000000000001500                _Unwind_VRS_Get
                0x0000000000001550                _Unwind_VRS_Set
                0x00000000000015a0                __gnu_Unwind_Backtrace
                0x00000000000018f4                __aeabi_unwind_cpp_pr0
                0x00000000000018fc                __aeabi_unwind_cpp_pr1
                0x0000000000001904                __aeabi_unwind_cpp_pr2
                0x000000000000190c                _Unwind_VRS_Pop
 .text          0x0000000000001b58      0x1ac /Applications/KDS_v3.app/Contents/toolchain/bin/../lib/gcc/arm-none-eabi/4.8.4/armv7e-m/fpu/libgcc.a(libunwind.o)
                0x0000000000001b58                __restore_core_regs
                0x0000000000001b58                restore_core_regs
                0x0000000000001b70                __gnu_Unwind_Restore_VFP
                0x0000000000001b78                __gnu_Unwind_Save_VFP
                0x0000000000001b80                __gnu_Unwind_Restore_VFP_D
                0x0000000000001b88                __gnu_Unwind_Save_VFP_D
                0x0000000000001b90                __gnu_Unwind_Restore_VFP_D_16_to_31
                0x0000000000001b98                __gnu_Unwind_Save_VFP_D_16_to_31
                0x0000000000001ba0                __gnu_Unwind_Restore_WMMXD
                0x0000000000001be4                __gnu_Unwind_Save_WMMXD
                0x0000000000001c28                __gnu_Unwind_Restore_WMMXC
                0x0000000000001c3c                __gnu_Unwind_Save_WMMXC
                0x0000000000001c50                _Unwind_RaiseException
                0x0000000000001c50                ___Unwind_RaiseException
                0x0000000000001c74                ___Unwind_Resume
                0x0000000000001c74                _Unwind_Resume
                0x0000000000001c98                ___Unwind_Resume_or_Rethrow
                0x0000000000001c98                _Unwind_Resume_or_Rethrow
                0x0000000000001cbc                _Unwind_ForcedUnwind
                0x0000000000001cbc                ___Unwind_ForcedUnwind
                0x0000000000001ce0                _Unwind_Backtrace
                0x0000000000001ce0                ___Unwind_Backtrace
 .text          0x0000000000001d04      0x33c /Applications/KDS_v3.app/Contents/toolchain/bin/../lib/gcc/arm-none-eabi/4.8.4/armv7e-m/fpu/libgcc.a(pr-support.o)
                0x0000000000001d58                __gnu_unwind_execute
                0x0000000000001fe4                __gnu_unwind_frame
                0x0000000000002010                _Unwind_GetRegionStart
                0x000000000000201c                _Unwind_GetLanguageSpecificData
                0x0000000000002030                _Unwind_GetDataRelBase
                0x0000000000002038                _Unwind_GetTextRelBase
 .text          0x0000000000002040        0x4 /Applications/KDS_v3.app/Contents/toolchain/bin/../lib/gcc/arm-none-eabi/4.8.4/armv7e-m/fpu/libgcc.a(_dvmd_tls.o)
                0x0000000000002040                __aeabi_ldiv0
                0x0000000000002040                __aeabi_idiv0
 .text          0x0000000000002044      0x298 /Applications/KDS_v3.app/Contents/toolchain/bin/../lib/gcc/arm-none-eabi/4.8.4/armv7e-m/fpu/libgcc.a(_divdi3.o)
                0x0000000000002044                __divdi3
 .text          0x00000000000022dc      0x284 /Applications/KDS_v3.app/Contents/toolchain/bin/../lib/gcc/arm-none-eabi/4.8.4/armv7e-m/fpu/libgcc.a(_udivdi3.o)
                0x00000000000022dc                __udivdi3
 *(.text*)
 .text.UART_EnableTx
                0x0000000000002560       0x40 ./utilities/fsl_debug_console.o
 .text.UART_EnableRx
                0x00000000000025a0       0x40 ./utilities/fsl_debug_console.o
 .text.LPUART_EnableTx
                0x00000000000025e0       0x38 ./utilities/fsl_debug_console.o
 .text.LPUART_EnableRx
                0x0000000000002618       0x38 ./utilities/fsl_debug_console.o
 .text.DbgConsole_Init
                0x0000000000002650       0xe8 ./utilities/fsl_debug_console.o
                0x0000000000002650                DbgConsole_Init
 .text.DbgConsole_Printf
                0x0000000000002738       0x40 ./utilities/fsl_debug_console.o
                0x0000000000002738                DbgConsole_Printf
 .text.DbgConsole_Putchar
                0x0000000000002778       0x38 ./utilities/fsl_debug_console.o
                0x0000000000002778                DbgConsole_Putchar
 .text.DbgConsole_PrintfPaddingCharacter
                0x00000000000027b0       0x40 ./utilities/fsl_debug_console.o
 .text.DbgConsole_ConvertRadixNumToString
                0x00000000000027f0      0x1d8 ./utilities/fsl_debug_console.o
 .text.DbgConsole_ConvertFloatRadixNumToString
                0x00000000000029c8      0x2b8 ./utilities/fsl_debug_console.o
 .text.DbgConsole_PrintfFormattedData
                0x0000000000002c80      0x8a0 ./utilities/fsl_debug_console.o
 .text.SystemInit
                0x0000000000003520       0x3c ./startup/system_MK66F18.o
                0x0000000000003520                SystemInit
 .text.GPIO_ReadPinInput
                0x000000000000355c       0x24 ./source/button.o
 .text._Z11button_taskPv
                0x0000000000003580       0xdc ./source/button.o
                0x0000000000003580                button_task(void*)
 .text.NVIC_EnableIRQ
                0x000000000000365c       0x30 ./source/flowsensor.o
 .text.NVIC_SetPriority
                0x000000000000368c       0x54 ./source/flowsensor.o
 .text.EnableIRQ
                0x00000000000036e0       0x1c ./source/flowsensor.o
 .text.GPIO_SetPinsOutput
                0x00000000000036fc       0x1c ./source/flowsensor.o
 .text.GPIO_ClearPinsOutput
                0x0000000000003718       0x1c ./source/flowsensor.o
 .text.PORT_SetPinMux
                0x0000000000003734       0x38 ./source/flowsensor.o
 .text.PORT_SetPinInterruptConfig
                0x000000000000376c       0x38 ./source/flowsensor.o
 .text._Z4initv
                0x00000000000037a4       0x6c ./source/flowsensor.o
                0x00000000000037a4                init()
 .text._Z16flow_sensor_taskPv
                0x0000000000003810       0x98 ./source/flowsensor.o
                0x0000000000003810                flow_sensor_task(void*)
 .text.GPIO_TogglePinsOutput
                0x00000000000038a8       0x1c ./source/heartrate.o
 .text._Z11pin_hr_taskPv
                0x00000000000038c4       0x44 ./source/heartrate.o
                0x00000000000038c4                pin_hr_task(void*)
 .text.NVIC_SetPriority
                0x0000000000003908       0x54 ./source/main.o
 .text._Z22DSPI_SlaveUserCallbackP8SPI_TypeP18_dspi_slave_handlelPv
                0x000000000000395c       0x48 ./source/main.o
                0x000000000000395c                DSPI_SlaveUserCallback(SPI_Type*, _dspi_slave_handle*, long, void*)
 .text._ZL14spi_proto_taskPv
                0x00000000000039a4      0x130 ./source/main.o
 .text._ZL10hello_taskPv
                0x0000000000003ad4        0xc ./source/main.o
 .text.main     0x0000000000003ae0      0x234 ./source/main.o
                0x0000000000003ae0                main
 .text.GPIO_SetPinsOutput
                0x0000000000003d14       0x1c ./source/motorcontrol.o
 .text.GPIO_ClearPinsOutput
                0x0000000000003d30       0x1c ./source/motorcontrol.o
 .text._Z8motor_onv
                0x0000000000003d4c       0x14 ./source/motorcontrol.o
                0x0000000000003d4c                motor_on()
 .text._Z9motor_offv
                0x0000000000003d60       0x14 ./source/motorcontrol.o
                0x0000000000003d60                motor_off()
 .text._Z10motor_taskPv
                0x0000000000003d74       0x58 ./source/motorcontrol.o
                0x0000000000003d74                motor_task(void*)
 .text.ADC16_EnableHardwareTrigger
                0x0000000000003dcc       0x38 ./source/pressuresensor.o
 .text.ADC16_GetChannelConversionValue
                0x0000000000003e04       0x3c ./source/pressuresensor.o
 .text._Z12polling_initv
                0x0000000000003e40       0x4c ./source/pressuresensor.o
                0x0000000000003e40                polling_init()
 .text._Z12polling_taskPv
                0x0000000000003e8c       0xa0 ./source/pressuresensor.o
                0x0000000000003e8c                polling_task(void*)
 .text._ZN8pressure7get_psiEv
                0x0000000000003f2c       0xa8 ./source/pressuresensor.o
                0x0000000000003f2c                pressure::get_psi()
 .text.GPIO_ClearPinsOutput
                0x0000000000003fd4       0x1c ./source/solenoid.o
 .text.GPIO_TogglePinsOutput
                0x0000000000003ff0       0x1c ./source/solenoid.o
 .text._Z14hemorrhage_offv
                0x000000000000400c       0x14 ./source/solenoid.o
                0x000000000000400c                hemorrhage_off()
 .text._Z17hemorrhage_togglev
                0x0000000000004020       0x14 ./source/solenoid.o
                0x0000000000004020                hemorrhage_toggle()
 .text._Z15swelling_togglev
                0x0000000000004034       0x14 ./source/solenoid.o
                0x0000000000004034                swelling_toggle()
 .text._Z13solenoid_taskPv
                0x0000000000004048       0x50 ./source/solenoid.o
                0x0000000000004048                solenoid_task(void*)
 .text._ZN9spi_proto17slave_get_messageERNS_9spi_protoEPhi
                0x0000000000004098       0x88 ./source/spi_proto_slave.o
                0x0000000000004098                spi_proto::slave_get_message(spi_proto::spi_proto&, unsigned char*, int)
 .text._ZN9spi_proto18slave_send_messageERNS_9spi_protoEPhi
                0x0000000000004120       0x44 ./source/spi_proto_slave.o
                0x0000000000004120                spi_proto::slave_send_message(spi_proto::spi_proto&, unsigned char*, int)
 .text._ZN9spi_proto13slave_do_tickERNS_9spi_protoE
                0x0000000000004164       0x54 ./source/spi_proto_slave.o
                0x0000000000004164                spi_proto::slave_do_tick(spi_proto::spi_proto&)
 .text._ZN9spi_proto3popERNS_9spi_proto9msg_queueERNS_3msgE
                0x00000000000041b8       0xa8 ./source/spi_proto_slave.o
                0x00000000000041b8                spi_proto::pop(spi_proto::spi_proto::msg_queue&, spi_proto::msg&)
 .text._ZN9spi_proto4pushERNS_9spi_proto9msg_queueERNS_3msgE
                0x0000000000004260       0xa0 ./source/spi_proto_slave.o
                0x0000000000004260                spi_proto::push(spi_proto::spi_proto::msg_queue&, spi_proto::msg&)
 .text._ZN9spi_proto5resetERNS_9spi_proto9msg_queueE
                0x0000000000004300       0x30 ./source/spi_proto_slave.o
                0x0000000000004300                spi_proto::reset(spi_proto::spi_proto::msg_queue&)
 .text.pvPortMalloc
                0x0000000000004330      0x184 ./freertos/Source/portable/MemMang/heap_4.o
                0x0000000000004330                pvPortMalloc
 .text.vPortFree
                0x00000000000044b4       0xb0 ./freertos/Source/portable/MemMang/heap_4.o
                0x00000000000044b4                vPortFree
 .text.prvHeapInit
                0x0000000000004564       0xc4 ./freertos/Source/portable/MemMang/heap_4.o
 .text.prvInsertBlockIntoFreeList
                0x0000000000004628       0xb0 ./freertos/Source/portable/MemMang/heap_4.o
 .text.pxPortInitialiseStack
                0x00000000000046d8       0x64 ./freertos/Source/portable/GCC/ARM_CM4F/port.o
                0x00000000000046d8                pxPortInitialiseStack
 .text.prvTaskExitError
                0x000000000000473c       0x3c ./freertos/Source/portable/GCC/ARM_CM4F/port.o
 .text.SVC_Handler
                0x0000000000004778       0x20 ./freertos/Source/portable/GCC/ARM_CM4F/port.o
                0x0000000000004778                SVC_Handler
 .text.prvPortStartFirstTask
                0x0000000000004798       0x20 ./freertos/Source/portable/GCC/ARM_CM4F/port.o
 .text.xPortStartScheduler
                0x00000000000047b8      0x118 ./freertos/Source/portable/GCC/ARM_CM4F/port.o
                0x00000000000047b8                xPortStartScheduler
 .text.vPortEnterCritical
                0x00000000000048d0       0x5c ./freertos/Source/portable/GCC/ARM_CM4F/port.o
                0x00000000000048d0                vPortEnterCritical
 .text.vPortExitCritical
                0x000000000000492c       0x4c ./freertos/Source/portable/GCC/ARM_CM4F/port.o
                0x000000000000492c                vPortExitCritical
 .text.PendSV_Handler
                0x0000000000004978       0x60 ./freertos/Source/portable/GCC/ARM_CM4F/port.o
                0x0000000000004978                PendSV_Handler
 .text.SysTick_Handler
                0x00000000000049d8       0x44 ./freertos/Source/portable/GCC/ARM_CM4F/port.o
                0x00000000000049d8                SysTick_Handler
 .text.vPortSetupTimerInterrupt
                0x0000000000004a1c       0x34 ./freertos/Source/portable/GCC/ARM_CM4F/port.o
                0x0000000000004a1c                vPortSetupTimerInterrupt
 .text.vPortEnableVFP
                0x0000000000004a50       0x14 ./freertos/Source/portable/GCC/ARM_CM4F/port.o
 .text.vPortValidateInterruptPriority
                0x0000000000004a64       0x78 ./freertos/Source/portable/GCC/ARM_CM4F/port.o
                0x0000000000004a64                vPortValidateInterruptPriority
 .text.vListInitialise
                0x0000000000004adc       0x40 ./freertos/Source/list.o
                0x0000000000004adc                vListInitialise
 .text.vListInitialiseItem
                0x0000000000004b1c       0x18 ./freertos/Source/list.o
                0x0000000000004b1c                vListInitialiseItem
 .text.vListInsertEnd
                0x0000000000004b34       0x48 ./freertos/Source/list.o
                0x0000000000004b34                vListInsertEnd
 .text.vListInsert
                0x0000000000004b7c       0x70 ./freertos/Source/list.o
                0x0000000000004b7c                vListInsert
 .text.uxListRemove
                0x0000000000004bec       0x54 ./freertos/Source/list.o
                0x0000000000004bec                uxListRemove
 .text.xQueueGenericReset
                0x0000000000004c40       0xd0 ./freertos/Source/queue.o
                0x0000000000004c40                xQueueGenericReset
 .text.xQueueGenericCreate
                0x0000000000004d10       0xb4 ./freertos/Source/queue.o
                0x0000000000004d10                xQueueGenericCreate
 .text.xQueueGenericSend
                0x0000000000004dc4      0x1ec ./freertos/Source/queue.o
                0x0000000000004dc4                xQueueGenericSend
 .text.xQueueGenericSendFromISR
                0x0000000000004fb0      0x118 ./freertos/Source/queue.o
                0x0000000000004fb0                xQueueGenericSendFromISR
 .text.xQueueGiveFromISR
                0x00000000000050c8      0x100 ./freertos/Source/queue.o
                0x00000000000050c8                xQueueGiveFromISR
 .text.xQueueGenericReceive
                0x00000000000051c8      0x20c ./freertos/Source/queue.o
                0x00000000000051c8                xQueueGenericReceive
 .text.prvCopyDataToQueue
                0x00000000000053d4       0xdc ./freertos/Source/queue.o
 .text.prvCopyDataFromQueue
                0x00000000000054b0       0x4c ./freertos/Source/queue.o
 .text.prvUnlockQueue
                0x00000000000054fc       0x98 ./freertos/Source/queue.o
 .text.prvIsQueueEmpty
                0x0000000000005594       0x2c ./freertos/Source/queue.o
 .text.prvIsQueueFull
                0x00000000000055c0       0x30 ./freertos/Source/queue.o
 .text.vQueueAddToRegistry
                0x00000000000055f0       0x50 ./freertos/Source/queue.o
                0x00000000000055f0                vQueueAddToRegistry
 .text.vQueueWaitForMessageRestricted
                0x0000000000005640       0x5c ./freertos/Source/queue.o
                0x0000000000005640                vQueueWaitForMessageRestricted
 .text.xTaskGenericCreate
                0x000000000000569c      0x1a0 ./freertos/Source/tasks.o
                0x000000000000569c                xTaskGenericCreate
 .text.vTaskDelay
                0x000000000000583c       0xa4 ./freertos/Source/tasks.o
                0x000000000000583c                vTaskDelay
 .text.vTaskSuspend
                0x00000000000058e0      0x110 ./freertos/Source/tasks.o
                0x00000000000058e0                vTaskSuspend
 .text.vTaskStartScheduler
                0x00000000000059f0       0x98 ./freertos/Source/tasks.o
                0x00000000000059f0                vTaskStartScheduler
 .text.vTaskSuspendAll
                0x0000000000005a88       0x1c ./freertos/Source/tasks.o
                0x0000000000005a88                vTaskSuspendAll
 .text.xTaskResumeAll
                0x0000000000005aa4      0x128 ./freertos/Source/tasks.o
                0x0000000000005aa4                xTaskResumeAll
 .text.xTaskGetTickCount
                0x0000000000005bcc       0x20 ./freertos/Source/tasks.o
                0x0000000000005bcc                xTaskGetTickCount
 .text.xTaskIncrementTick
                0x0000000000005bec      0x15c ./freertos/Source/tasks.o
                0x0000000000005bec                xTaskIncrementTick
 .text.vTaskSwitchContext
                0x0000000000005d48       0xb4 ./freertos/Source/tasks.o
                0x0000000000005d48                vTaskSwitchContext
 .text.vTaskPlaceOnEventList
                0x0000000000005dfc       0x9c ./freertos/Source/tasks.o
                0x0000000000005dfc                vTaskPlaceOnEventList
 .text.vTaskPlaceOnEventListRestricted
                0x0000000000005e98       0x9c ./freertos/Source/tasks.o
                0x0000000000005e98                vTaskPlaceOnEventListRestricted
 .text.xTaskRemoveFromEventList
                0x0000000000005f34       0xc4 ./freertos/Source/tasks.o
                0x0000000000005f34                xTaskRemoveFromEventList
 .text.vTaskSetTimeOutState
                0x0000000000005ff8       0x44 ./freertos/Source/tasks.o
                0x0000000000005ff8                vTaskSetTimeOutState
 .text.xTaskCheckForTimeOut
                0x000000000000603c       0xbc ./freertos/Source/tasks.o
                0x000000000000603c                xTaskCheckForTimeOut
 .text.vTaskMissedYield
                0x00000000000060f8       0x18 ./freertos/Source/tasks.o
                0x00000000000060f8                vTaskMissedYield
 .text.prvIdleTask
                0x0000000000006110       0x30 ./freertos/Source/tasks.o
 .text.prvInitialiseTCBVariables
                0x0000000000006140       0xa4 ./freertos/Source/tasks.o
 .text.prvInitialiseTaskLists
                0x00000000000061e4       0x7c ./freertos/Source/tasks.o
 .text.prvCheckTasksWaitingTermination
                0x0000000000006260       0x74 ./freertos/Source/tasks.o
 .text.prvAddCurrentTaskToDelayedList
                0x00000000000062d4       0x6c ./freertos/Source/tasks.o
 .text.prvAllocateTCBAndStack
                0x0000000000006340       0x70 ./freertos/Source/tasks.o
 .text.prvDeleteTCB
                0x00000000000063b0       0x20 ./freertos/Source/tasks.o
 .text.prvResetNextTaskUnblockTime
                0x00000000000063d0       0x48 ./freertos/Source/tasks.o
 .text.xTaskGetSchedulerState
                0x0000000000006418       0x3c ./freertos/Source/tasks.o
                0x0000000000006418                xTaskGetSchedulerState
 .text.vTaskPriorityInherit
                0x0000000000006454       0xec ./freertos/Source/tasks.o
                0x0000000000006454                vTaskPriorityInherit
 .text.xTaskPriorityDisinherit
                0x0000000000006540      0x108 ./freertos/Source/tasks.o
                0x0000000000006540                xTaskPriorityDisinherit
 .text.pvTaskIncrementMutexHeldCount
                0x0000000000006648       0x28 ./freertos/Source/tasks.o
                0x0000000000006648                pvTaskIncrementMutexHeldCount
 .text.xTimerCreateTimerTask
                0x0000000000006670       0x64 ./freertos/Source/timers.o
                0x0000000000006670                xTimerCreateTimerTask
 .text.xTimerGenericCommand
                0x00000000000066d4       0xa4 ./freertos/Source/timers.o
                0x00000000000066d4                xTimerGenericCommand
 .text.prvProcessExpiredTimer
                0x0000000000006778       0x80 ./freertos/Source/timers.o
 .text.prvTimerTask
                0x00000000000067f8       0x24 ./freertos/Source/timers.o
 .text.prvProcessTimerOrBlockTask
                0x000000000000681c       0x9c ./freertos/Source/timers.o
 .text.prvGetNextExpireTime
                0x00000000000068b8       0x48 ./freertos/Source/timers.o
 .text.prvSampleTimeNow
                0x0000000000006900       0x40 ./freertos/Source/timers.o
 .text.prvInsertTimerInActiveList
                0x0000000000006940       0x84 ./freertos/Source/timers.o
 .text.prvProcessReceivedCommands
                0x00000000000069c4      0x12c ./freertos/Source/timers.o
 .text.prvSwitchTimerLists
                0x0000000000006af0       0xc0 ./freertos/Source/timers.o
 .text.prvCheckForValidListAndQueue
                0x0000000000006bb0       0x8c ./freertos/Source/timers.o
 .text.CLOCK_EnableClock
                0x0000000000006c3c       0x34 ./drivers/fsl_adc16.o
 .text.ADC16_GetInstance
                0x0000000000006c70       0x58 ./drivers/fsl_adc16.o
 .text.ADC16_Init
                0x0000000000006cc8      0x118 ./drivers/fsl_adc16.o
                0x0000000000006cc8                ADC16_Init
 .text.ADC16_GetDefaultConfig
                0x0000000000006de0       0x64 ./drivers/fsl_adc16.o
                0x0000000000006de0                ADC16_GetDefaultConfig
 .text.ADC16_DoAutoCalibration
                0x0000000000006e44      0x104 ./drivers/fsl_adc16.o
                0x0000000000006e44                ADC16_DoAutoCalibration
 .text.ADC16_GetStatusFlags
                0x0000000000006f48       0x44 ./drivers/fsl_adc16.o
                0x0000000000006f48                ADC16_GetStatusFlags
 .text.ADC16_SetChannelConfig
                0x0000000000006f8c       0x80 ./drivers/fsl_adc16.o
                0x0000000000006f8c                ADC16_SetChannelConfig
 .text.ADC16_GetChannelStatusFlags
                0x000000000000700c       0x50 ./drivers/fsl_adc16.o
                0x000000000000700c                ADC16_GetChannelStatusFlags
 .text.CLOCK_SetEr32kClock
                0x000000000000705c       0x2c ./drivers/fsl_clock.o
 .text.CLOCK_SetPllFllSelClock
                0x0000000000007088       0x58 ./drivers/fsl_clock.o
 .text.OSC_SetExtRefClkConfig
                0x00000000000070e0       0x40 ./drivers/fsl_clock.o
 .text.OSC_SetCapLoad
                0x0000000000007120       0x34 ./drivers/fsl_clock.o
 .text.CLOCK_GetMcgExtClkFreq
                0x0000000000007154       0x8c ./drivers/fsl_clock.o
 .text.CLOCK_GetFllExtRefClkFreq
                0x00000000000071e0       0xc8 ./drivers/fsl_clock.o
 .text.CLOCK_GetInternalRefClkSelectFreq
                0x00000000000072a8       0x44 ./drivers/fsl_clock.o
 .text.CLOCK_GetFllRefClkFreq
                0x00000000000072ec       0x2c ./drivers/fsl_clock.o
 .text.CLOCK_GetPll0RefFreq
                0x0000000000007318       0x10 ./drivers/fsl_clock.o
 .text.CLOCK_GetOscRangeFromFreq
                0x0000000000007328       0x3c ./drivers/fsl_clock.o
 .text.CLOCK_GetCoreSysClkFreq
                0x0000000000007364       0x24 ./drivers/fsl_clock.o
                0x0000000000007364                CLOCK_GetCoreSysClkFreq
 .text.CLOCK_SetSimConfig
                0x0000000000007388       0x44 ./drivers/fsl_clock.o
                0x0000000000007388                CLOCK_SetSimConfig
 .text.CLOCK_GetOutClkFreq
                0x00000000000073cc       0x90 ./drivers/fsl_clock.o
                0x00000000000073cc                CLOCK_GetOutClkFreq
 .text.CLOCK_GetFllFreq
                0x000000000000745c       0x74 ./drivers/fsl_clock.o
                0x000000000000745c                CLOCK_GetFllFreq
 .text.CLOCK_GetPll0Freq
                0x00000000000074d0       0x5c ./drivers/fsl_clock.o
                0x00000000000074d0                CLOCK_GetPll0Freq
 .text.CLOCK_GetExtPllFreq
                0x000000000000752c       0x18 ./drivers/fsl_clock.o
                0x000000000000752c                CLOCK_GetExtPllFreq
 .text.CLOCK_SetExternalRefClkConfig
                0x0000000000007544       0x90 ./drivers/fsl_clock.o
                0x0000000000007544                CLOCK_SetExternalRefClkConfig
 .text.CLOCK_SetInternalRefClkConfig
                0x00000000000075d4      0x104 ./drivers/fsl_clock.o
                0x00000000000075d4                CLOCK_SetInternalRefClkConfig
 .text.CLOCK_EnablePll0
                0x00000000000076d8       0x94 ./drivers/fsl_clock.o
                0x00000000000076d8                CLOCK_EnablePll0
 .text.CLOCK_InitOsc0
                0x000000000000776c       0x8c ./drivers/fsl_clock.o
                0x000000000000776c                CLOCK_InitOsc0
 .text.CLOCK_SetPbeMode
                0x00000000000077f8       0xd0 ./drivers/fsl_clock.o
                0x00000000000077f8                CLOCK_SetPbeMode
 .text.CLOCK_BootToPeeMode
                0x00000000000078c8       0x74 ./drivers/fsl_clock.o
                0x00000000000078c8                CLOCK_BootToPeeMode
 .text.__assert_func
                0x000000000000793c       0x28 ./drivers/fsl_common.o
                0x000000000000793c                __assert_func
 .text.NVIC_EnableIRQ
                0x0000000000007964       0x30 ./drivers/fsl_dspi.o
 .text.CLOCK_EnableClock
                0x0000000000007994       0x34 ./drivers/fsl_dspi.o
 .text.EnableIRQ
                0x00000000000079c8       0x1c ./drivers/fsl_dspi.o
 .text.DSPI_Enable
                0x00000000000079e4       0x38 ./drivers/fsl_dspi.o
 .text.DSPI_GetStatusFlags
                0x0000000000007a1c       0x18 ./drivers/fsl_dspi.o
 .text.DSPI_ClearStatusFlags
                0x0000000000007a34       0x1c ./drivers/fsl_dspi.o
 .text.DSPI_DisableInterrupts
                0x0000000000007a50       0x24 ./drivers/fsl_dspi.o
 .text.DSPI_SetMasterSlaveMode
                0x0000000000007a74       0x28 ./drivers/fsl_dspi.o
 .text.DSPI_IsMaster
                0x0000000000007a9c       0x1c ./drivers/fsl_dspi.o
 .text.DSPI_StartTransfer
                0x0000000000007ab8       0x20 ./drivers/fsl_dspi.o
 .text.DSPI_StopTransfer
                0x0000000000007ad8       0x20 ./drivers/fsl_dspi.o
 .text.DSPI_FlushFifo
                0x0000000000007af8       0x3c ./drivers/fsl_dspi.o
 .text.DSPI_GetInstance
                0x0000000000007b34       0x58 ./drivers/fsl_dspi.o
                0x0000000000007b34                DSPI_GetInstance
 .text.DSPI_SlaveInit
                0x0000000000007b8c       0xe0 ./drivers/fsl_dspi.o
                0x0000000000007b8c                DSPI_SlaveInit
 .text.DSPI_SetOnePcsPolarity
                0x0000000000007c6c       0x4c ./drivers/fsl_dspi.o
 .text.DSPI_EnableInterrupts
                0x0000000000007cb8       0x4c ./drivers/fsl_dspi.o
                0x0000000000007cb8                DSPI_EnableInterrupts
 .text.DSPI_SlaveTransferCreateHandle
                0x0000000000007d04       0x60 ./drivers/fsl_dspi.o
                0x0000000000007d04                DSPI_SlaveTransferCreateHandle
 .text.DSPI_SlaveTransferNonBlocking
                0x0000000000007d64      0x144 ./drivers/fsl_dspi.o
                0x0000000000007d64                DSPI_SlaveTransferNonBlocking
 .text.DSPI_SlaveTransferFillUpTxFifo
                0x0000000000007ea8      0x10c ./drivers/fsl_dspi.o
 .text.DSPI_SlaveTransferComplete
                0x0000000000007fb4       0x6c ./drivers/fsl_dspi.o
 .text.DSPI_SlaveTransferHandleIRQ
                0x0000000000008020      0x268 ./drivers/fsl_dspi.o
                0x0000000000008020                DSPI_SlaveTransferHandleIRQ
 .text.DSPI_CommonIRQHandler
                0x0000000000008288       0x3c ./drivers/fsl_dspi.o
 .text.SPI0_DriverIRQHandler
                0x00000000000082c4       0x3c ./drivers/fsl_dspi.o
                0x00000000000082c4                SPI0_DriverIRQHandler
 .text.SPI1_DriverIRQHandler
                0x0000000000008300       0x3c ./drivers/fsl_dspi.o
                0x0000000000008300                SPI1_DriverIRQHandler
 .text.SPI2_DriverIRQHandler
                0x000000000000833c       0x3c ./drivers/fsl_dspi.o
                0x000000000000833c                SPI2_DriverIRQHandler
 .text.EDMA_GetChannelStatusFlags
                0x0000000000008378       0x84 ./drivers/fsl_edma.o
                0x0000000000008378                EDMA_GetChannelStatusFlags
 .text.EDMA_HandleIRQ
                0x00000000000083fc      0x154 ./drivers/fsl_edma.o
                0x00000000000083fc                EDMA_HandleIRQ
 .text.DMA0_DMA16_IRQHandler
                0x0000000000008550       0x48 ./drivers/fsl_edma.o
                0x0000000000008550                DMA0_DMA16_IRQHandler
 .text.DMA1_DMA17_IRQHandler
                0x0000000000008598       0x48 ./drivers/fsl_edma.o
                0x0000000000008598                DMA1_DMA17_IRQHandler
 .text.DMA2_DMA18_IRQHandler
                0x00000000000085e0       0x48 ./drivers/fsl_edma.o
                0x00000000000085e0                DMA2_DMA18_IRQHandler
 .text.DMA3_DMA19_IRQHandler
                0x0000000000008628       0x48 ./drivers/fsl_edma.o
                0x0000000000008628                DMA3_DMA19_IRQHandler
 .text.DMA4_DMA20_IRQHandler
                0x0000000000008670       0x48 ./drivers/fsl_edma.o
                0x0000000000008670                DMA4_DMA20_IRQHandler
 .text.DMA5_DMA21_IRQHandler
                0x00000000000086b8       0x48 ./drivers/fsl_edma.o
                0x00000000000086b8                DMA5_DMA21_IRQHandler
 .text.DMA6_DMA22_IRQHandler
                0x0000000000008700       0x48 ./drivers/fsl_edma.o
                0x0000000000008700                DMA6_DMA22_IRQHandler
 .text.DMA7_DMA23_IRQHandler
                0x0000000000008748       0x48 ./drivers/fsl_edma.o
                0x0000000000008748                DMA7_DMA23_IRQHandler
 .text.DMA8_DMA24_IRQHandler
                0x0000000000008790       0x48 ./drivers/fsl_edma.o
                0x0000000000008790                DMA8_DMA24_IRQHandler
 .text.DMA9_DMA25_IRQHandler
                0x00000000000087d8       0x48 ./drivers/fsl_edma.o
                0x00000000000087d8                DMA9_DMA25_IRQHandler
 .text.DMA10_DMA26_IRQHandler
                0x0000000000008820       0x48 ./drivers/fsl_edma.o
                0x0000000000008820                DMA10_DMA26_IRQHandler
 .text.DMA11_DMA27_IRQHandler
                0x0000000000008868       0x48 ./drivers/fsl_edma.o
                0x0000000000008868                DMA11_DMA27_IRQHandler
 .text.DMA12_DMA28_IRQHandler
                0x00000000000088b0       0x48 ./drivers/fsl_edma.o
                0x00000000000088b0                DMA12_DMA28_IRQHandler
 .text.DMA13_DMA29_IRQHandler
                0x00000000000088f8       0x48 ./drivers/fsl_edma.o
                0x00000000000088f8                DMA13_DMA29_IRQHandler
 .text.DMA14_DMA30_IRQHandler
                0x0000000000008940       0x48 ./drivers/fsl_edma.o
                0x0000000000008940                DMA14_DMA30_IRQHandler
 .text.DMA15_DMA31_IRQHandler
                0x0000000000008988       0x48 ./drivers/fsl_edma.o
                0x0000000000008988                DMA15_DMA31_IRQHandler
 .text.ENET_EnableSleepMode
                0x00000000000089d0       0x38 ./drivers/fsl_enet.o
 .text.ENET_TransmitIRQHandler
                0x0000000000008a08       0x5c ./drivers/fsl_enet.o
                0x0000000000008a08                ENET_TransmitIRQHandler
 .text.ENET_ReceiveIRQHandler
                0x0000000000008a64       0x5c ./drivers/fsl_enet.o
                0x0000000000008a64                ENET_ReceiveIRQHandler
 .text.ENET_ErrorIRQHandler
                0x0000000000008ac0       0x98 ./drivers/fsl_enet.o
                0x0000000000008ac0                ENET_ErrorIRQHandler
 .text.ENET_Transmit_IRQHandler
                0x0000000000008b58       0x1c ./drivers/fsl_enet.o
                0x0000000000008b58                ENET_Transmit_IRQHandler
 .text.ENET_Receive_IRQHandler
                0x0000000000008b74       0x1c ./drivers/fsl_enet.o
                0x0000000000008b74                ENET_Receive_IRQHandler
 .text.ENET_Error_IRQHandler
                0x0000000000008b90       0x1c ./drivers/fsl_enet.o
                0x0000000000008b90                ENET_Error_IRQHandler
 .text.ENET_1588_Timer_IRQHandler
                0x0000000000008bac        0xc ./drivers/fsl_enet.o
                0x0000000000008bac                ENET_1588_Timer_IRQHandler
 .text.FLEXCAN_ClearStatusFlags
                0x0000000000008bb8       0x1c ./drivers/fsl_flexcan.o
 .text.FLEXCAN_GetMbStatusFlags
                0x0000000000008bd4       0x20 ./drivers/fsl_flexcan.o
 .text.FLEXCAN_ClearMbStatusFlags
                0x0000000000008bf4       0x1c ./drivers/fsl_flexcan.o
 .text.FLEXCAN_DisableMbInterrupts
                0x0000000000008c10       0x24 ./drivers/fsl_flexcan.o
 .text.FLEXCAN_IsMbOccupied
                0x0000000000008c34       0x50 ./drivers/fsl_flexcan.o
 .text.FLEXCAN_IsMbIntEnabled
                0x0000000000008c84       0x4c ./drivers/fsl_flexcan.o
 .text.FLEXCAN_SetTxMbConfig
                0x0000000000008cd0       0xb0 ./drivers/fsl_flexcan.o
                0x0000000000008cd0                FLEXCAN_SetTxMbConfig
 .text.FLEXCAN_ReadRxMb
                0x0000000000008d80      0x140 ./drivers/fsl_flexcan.o
                0x0000000000008d80                FLEXCAN_ReadRxMb
 .text.FlEXCAN_ReadRxFifo
                0x0000000000008ec0       0xdc ./drivers/fsl_flexcan.o
                0x0000000000008ec0                FlEXCAN_ReadRxFifo
 .text.FLEXCAN_TransferAbortSend
                0x0000000000008f9c       0xac ./drivers/fsl_flexcan.o
                0x0000000000008f9c                FLEXCAN_TransferAbortSend
 .text.FLEXCAN_TransferAbortReceive
                0x0000000000009048       0xa0 ./drivers/fsl_flexcan.o
                0x0000000000009048                FLEXCAN_TransferAbortReceive
 .text.FLEXCAN_TransferAbortReceiveFifo
                0x00000000000090e8       0x54 ./drivers/fsl_flexcan.o
                0x00000000000090e8                FLEXCAN_TransferAbortReceiveFifo
 .text.FLEXCAN_TransferHandleIRQ
                0x000000000000913c      0x228 ./drivers/fsl_flexcan.o
                0x000000000000913c                FLEXCAN_TransferHandleIRQ
 .text.CAN0_DriverIRQHandler
                0x0000000000009364       0x3c ./drivers/fsl_flexcan.o
                0x0000000000009364                CAN0_DriverIRQHandler
 .text.CAN1_DriverIRQHandler
                0x00000000000093a0       0x3c ./drivers/fsl_flexcan.o
                0x00000000000093a0                CAN1_DriverIRQHandler
 .text.GPIO_WritePinOutput
                0x00000000000093dc       0x3c ./drivers/fsl_gpio.o
 .text.GPIO_PinInit
                0x0000000000009418       0x70 ./drivers/fsl_gpio.o
                0x0000000000009418                GPIO_PinInit
 .text.I2C_TransferCommonIRQHandler
                0x0000000000009488       0x4c ./drivers/fsl_i2c.o
 .text.I2C0_DriverIRQHandler
                0x00000000000094d4       0x1c ./drivers/fsl_i2c.o
                0x00000000000094d4                I2C0_DriverIRQHandler
 .text.I2C1_DriverIRQHandler
                0x00000000000094f0       0x1c ./drivers/fsl_i2c.o
                0x00000000000094f0                I2C1_DriverIRQHandler
 .text.I2C2_DriverIRQHandler
                0x000000000000950c       0x1c ./drivers/fsl_i2c.o
                0x000000000000950c                I2C2_DriverIRQHandler
 .text.I2C3_DriverIRQHandler
                0x0000000000009528       0x1c ./drivers/fsl_i2c.o
                0x0000000000009528                I2C3_DriverIRQHandler
 .text.CLOCK_EnableClock
                0x0000000000009544       0x34 ./drivers/fsl_lpuart.o
 .text.LPUART_GetInstance
                0x0000000000009578       0x50 ./drivers/fsl_lpuart.o
                0x0000000000009578                LPUART_GetInstance
 .text.LPUART_Init
                0x00000000000095c8      0x1f4 ./drivers/fsl_lpuart.o
                0x00000000000095c8                LPUART_Init
 .text.LPUART_GetDefaultConfig
                0x00000000000097bc       0x50 ./drivers/fsl_lpuart.o
                0x00000000000097bc                LPUART_GetDefaultConfig
 .text.LPUART_GetStatusFlags
                0x000000000000980c       0x1c ./drivers/fsl_lpuart.o
                0x000000000000980c                LPUART_GetStatusFlags
 .text.LPUART_ClearStatusFlags
                0x0000000000009828       0x74 ./drivers/fsl_lpuart.o
                0x0000000000009828                LPUART_ClearStatusFlags
 .text.LPUART_WriteBlocking
                0x000000000000989c       0x40 ./drivers/fsl_lpuart.o
                0x000000000000989c                LPUART_WriteBlocking
 .text.LPUART_ReadBlocking
                0x00000000000098dc       0xb0 ./drivers/fsl_lpuart.o
                0x00000000000098dc                LPUART_ReadBlocking
 .text.LPUART0_DriverIRQHandler
                0x000000000000998c       0x20 ./drivers/fsl_lpuart.o
                0x000000000000998c                LPUART0_DriverIRQHandler
 .text.SAI_TxClearStatusFlags
                0x00000000000099ac       0x24 ./drivers/fsl_sai.o
 .text.SAI_RxClearStatusFlags
                0x00000000000099d0       0x28 ./drivers/fsl_sai.o
 .text.SAI_TxDisableInterrupts
                0x00000000000099f8       0x28 ./drivers/fsl_sai.o
 .text.SAI_RxDisableInterrupts
                0x0000000000009a20       0x2c ./drivers/fsl_sai.o
 .text.SAI_WriteNonBlocking
                0x0000000000009a4c       0x94 ./drivers/fsl_sai.o
 .text.SAI_ReadNonBlocking
                0x0000000000009ae0       0x7c ./drivers/fsl_sai.o
 .text.SAI_TxEnable
                0x0000000000009b5c       0x64 ./drivers/fsl_sai.o
                0x0000000000009b5c                SAI_TxEnable
 .text.SAI_RxEnable
                0x0000000000009bc0       0x6c ./drivers/fsl_sai.o
                0x0000000000009bc0                SAI_RxEnable
 .text.SAI_TransferAbortSend
                0x0000000000009c2c       0x68 ./drivers/fsl_sai.o
                0x0000000000009c2c                SAI_TransferAbortSend
 .text.SAI_TransferAbortReceive
                0x0000000000009c94       0x68 ./drivers/fsl_sai.o
                0x0000000000009c94                SAI_TransferAbortReceive
 .text.SAI_TransferTxHandleIRQ
                0x0000000000009cfc      0x1c4 ./drivers/fsl_sai.o
                0x0000000000009cfc                SAI_TransferTxHandleIRQ
 .text.SAI_TransferRxHandleIRQ
                0x0000000000009ec0      0x1c0 ./drivers/fsl_sai.o
                0x0000000000009ec0                SAI_TransferRxHandleIRQ
 .text.I2S0_Tx_DriverIRQHandler
                0x000000000000a080       0x3c ./drivers/fsl_sai.o
                0x000000000000a080                I2S0_Tx_DriverIRQHandler
 .text.I2S0_Rx_DriverIRQHandler
                0x000000000000a0bc       0x3c ./drivers/fsl_sai.o
                0x000000000000a0bc                I2S0_Rx_DriverIRQHandler
 .text.SDHC_GetInterruptStatusFlags
                0x000000000000a0f8       0x18 ./drivers/fsl_sdhc.o
 .text.SDHC_ClearInterruptStatusFlags
                0x000000000000a110       0x1c ./drivers/fsl_sdhc.o
 .text.SDHC_GetCommandResponse
                0x000000000000a12c       0x3c ./drivers/fsl_sdhc.o
 .text.SDHC_WriteData
                0x000000000000a168       0x1c ./drivers/fsl_sdhc.o
 .text.SDHC_ReadData
                0x000000000000a184       0x18 ./drivers/fsl_sdhc.o
 .text.SDHC_ReceiveCommandResponse
                0x000000000000a19c       0xd8 ./drivers/fsl_sdhc.o
 .text.SDHC_ReadDataPort
                0x000000000000a274       0xac ./drivers/fsl_sdhc.o
 .text.SDHC_WriteDataPort
                0x000000000000a320       0xb0 ./drivers/fsl_sdhc.o
 .text.SDHC_TransferHandleCardDetect
                0x000000000000a3d0       0x5c ./drivers/fsl_sdhc.o
 .text.SDHC_TransferHandleCommand
                0x000000000000a42c       0x94 ./drivers/fsl_sdhc.o
 .text.SDHC_TransferHandleData
                0x000000000000a4c0       0xf8 ./drivers/fsl_sdhc.o
 .text.SDHC_TransferHandleSdioInterrupt
                0x000000000000a5b8       0x1c ./drivers/fsl_sdhc.o
 .text.SDHC_TransferHandleSdioBlockGap
                0x000000000000a5d4       0x1c ./drivers/fsl_sdhc.o
 .text.SDHC_TransferHandleIRQ
                0x000000000000a5f0       0xbc ./drivers/fsl_sdhc.o
                0x000000000000a5f0                SDHC_TransferHandleIRQ
 .text.SDHC_DriverIRQHandler
                0x000000000000a6ac       0x3c ./drivers/fsl_sdhc.o
                0x000000000000a6ac                SDHC_DriverIRQHandler
 .text.CLOCK_EnableClock
                0x000000000000a6e8       0x34 ./drivers/fsl_uart.o
 .text.UART_GetInstance
                0x000000000000a71c       0x60 ./drivers/fsl_uart.o
                0x000000000000a71c                UART_GetInstance
 .text.UART_Init
                0x000000000000a77c      0x234 ./drivers/fsl_uart.o
                0x000000000000a77c                UART_Init
 .text.UART_GetDefaultConfig
                0x000000000000a9b0       0x5c ./drivers/fsl_uart.o
                0x000000000000a9b0                UART_GetDefaultConfig
 .text.UART_GetStatusFlags
                0x000000000000aa0c       0x48 ./drivers/fsl_uart.o
                0x000000000000aa0c                UART_GetStatusFlags
 .text.UART_WriteBlocking
                0x000000000000aa54       0x40 ./drivers/fsl_uart.o
                0x000000000000aa54                UART_WriteBlocking
 .text.UART_ReadBlocking
                0x000000000000aa94       0x84 ./drivers/fsl_uart.o
                0x000000000000aa94                UART_ReadBlocking
 .text.UART0_DriverIRQHandler
                0x000000000000ab18       0x20 ./drivers/fsl_uart.o
                0x000000000000ab18                UART0_DriverIRQHandler
 .text.UART0_RX_TX_DriverIRQHandler
                0x000000000000ab38        0xc ./drivers/fsl_uart.o
                0x000000000000ab38                UART0_RX_TX_DriverIRQHandler
 .text.UART1_DriverIRQHandler
                0x000000000000ab44       0x20 ./drivers/fsl_uart.o
                0x000000000000ab44                UART1_DriverIRQHandler
 .text.UART1_RX_TX_DriverIRQHandler
                0x000000000000ab64        0xc ./drivers/fsl_uart.o
                0x000000000000ab64                UART1_RX_TX_DriverIRQHandler
 .text.UART2_DriverIRQHandler
                0x000000000000ab70       0x20 ./drivers/fsl_uart.o
                0x000000000000ab70                UART2_DriverIRQHandler
 .text.UART2_RX_TX_DriverIRQHandler
                0x000000000000ab90        0xc ./drivers/fsl_uart.o
                0x000000000000ab90                UART2_RX_TX_DriverIRQHandler
 .text.UART3_DriverIRQHandler
                0x000000000000ab9c       0x20 ./drivers/fsl_uart.o
                0x000000000000ab9c                UART3_DriverIRQHandler
 .text.UART3_RX_TX_DriverIRQHandler
                0x000000000000abbc        0xc ./drivers/fsl_uart.o
                0x000000000000abbc                UART3_RX_TX_DriverIRQHandler
 .text.UART4_DriverIRQHandler
                0x000000000000abc8       0x20 ./drivers/fsl_uart.o
                0x000000000000abc8                UART4_DriverIRQHandler
 .text.UART4_RX_TX_DriverIRQHandler
                0x000000000000abe8        0xc ./drivers/fsl_uart.o
                0x000000000000abe8                UART4_RX_TX_DriverIRQHandler
 .text.BOARD_InitDebugConsole
                0x000000000000abf4       0x24 ./board/board.o
                0x000000000000abf4                BOARD_InitDebugConsole
 .text.CLOCK_SetXtal0Freq
                0x000000000000ac18       0x1c ./board/clock_config.o
 .text.CLOCK_SetSimSafeDivs
                0x000000000000ac34       0x20 ./board/clock_config.o
 .text.BOARD_BootClockRUN
                0x000000000000ac54       0x58 ./board/clock_config.o
                0x000000000000ac54                BOARD_BootClockRUN
 .text.CLOCK_EnableClock
                0x000000000000acac       0x34 ./board/pin_mux.o
 .text.PORT_SetPinConfig
                0x000000000000ace0       0x44 ./board/pin_mux.o
 .text.PORT_SetPinMux
                0x000000000000ad24       0x38 ./board/pin_mux.o
 .text.solenoid_init
                0x000000000000ad5c       0x3c ./board/pin_mux.o
                0x000000000000ad5c                solenoid_init
 .text.BOARD_InitPins
                0x000000000000ad98      0x19c ./board/pin_mux.o
                0x000000000000ad98                BOARD_InitPins
 .text.modf     0x000000000000af34       0xa4 /Applications/KDS_v3.app/Contents/toolchain/bin/../lib/gcc/arm-none-eabi/4.8.4/../../../../arm-none-eabi/lib/armv7e-m/fpu/libm.a(lib_a-s_modf.o)
                0x000000000000af34                modf
 .text.pow      0x000000000000afd8      0x340 /Applications/KDS_v3.app/Contents/toolchain/bin/../lib/gcc/arm-none-eabi/4.8.4/../../../../arm-none-eabi/lib/armv7e-m/fpu/libm.a(lib_a-w_pow.o)
                0x000000000000afd8                pow
 .text.__ieee754_pow
                0x000000000000b318      0xae8 /Applications/KDS_v3.app/Contents/toolchain/bin/../lib/gcc/arm-none-eabi/4.8.4/../../../../arm-none-eabi/lib/armv7e-m/fpu/libm.a(lib_a-e_pow.o)
                0x000000000000b318                __ieee754_pow
 .text.__ieee754_sqrt
                0x000000000000be00      0x198 /Applications/KDS_v3.app/Contents/toolchain/bin/../lib/gcc/arm-none-eabi/4.8.4/../../../../arm-none-eabi/lib/armv7e-m/fpu/libm.a(lib_a-e_sqrt.o)
                0x000000000000be00                __ieee754_sqrt
 .text.fabs     0x000000000000bf98       0x14 /Applications/KDS_v3.app/Contents/toolchain/bin/../lib/gcc/arm-none-eabi/4.8.4/../../../../arm-none-eabi/lib/armv7e-m/fpu/libm.a(lib_a-s_fabs.o)
                0x000000000000bf98                fabs
 .text.finite   0x000000000000bfac       0x10 /Applications/KDS_v3.app/Contents/toolchain/bin/../lib/gcc/arm-none-eabi/4.8.4/../../../../arm-none-eabi/lib/armv7e-m/fpu/libm.a(lib_a-s_finite.o)
                0x000000000000bfac                finite
 .text.__fpclassifyd
                0x000000000000bfbc       0x54 /Applications/KDS_v3.app/Contents/toolchain/bin/../lib/gcc/arm-none-eabi/4.8.4/../../../../arm-none-eabi/lib/armv7e-m/fpu/libm.a(lib_a-s_fpclassify.o)
                0x000000000000bfbc                __fpclassifyd
 .text.matherr  0x000000000000c010        0x4 /Applications/KDS_v3.app/Contents/toolchain/bin/../lib/gcc/arm-none-eabi/4.8.4/../../../../arm-none-eabi/lib/armv7e-m/fpu/libm.a(lib_a-s_matherr.o)
                0x000000000000c010                matherr
 *fill*         0x000000000000c014        0x4 
 .text.nan      0x000000000000c018       0x10 /Applications/KDS_v3.app/Contents/toolchain/bin/../lib/gcc/arm-none-eabi/4.8.4/../../../../arm-none-eabi/lib/armv7e-m/fpu/libm.a(lib_a-s_nan.o)
                0x000000000000c018                nan
 .text.rint     0x000000000000c028      0x120 /Applications/KDS_v3.app/Contents/toolchain/bin/../lib/gcc/arm-none-eabi/4.8.4/../../../../arm-none-eabi/lib/armv7e-m/fpu/libm.a(lib_a-s_rint.o)
                0x000000000000c028                rint
 .text.scalbn   0x000000000000c148      0x120 /Applications/KDS_v3.app/Contents/toolchain/bin/../lib/gcc/arm-none-eabi/4.8.4/../../../../arm-none-eabi/lib/armv7e-m/fpu/libm.a(lib_a-s_scalbn.o)
                0x000000000000c148                scalbn
 .text.copysign
                0x000000000000c268       0x24 /Applications/KDS_v3.app/Contents/toolchain/bin/../lib/gcc/arm-none-eabi/4.8.4/../../../../arm-none-eabi/lib/armv7e-m/fpu/libm.a(lib_a-s_copysign.o)
                0x000000000000c268                copysign
 .text.abort    0x000000000000c28c        0xe /Applications/KDS_v3.app/Contents/toolchain/bin/../lib/gcc/arm-none-eabi/4.8.4/../../../../arm-none-eabi/lib/armv7e-m/fpu/libg_s.a(lib_a-abort.o)
                0x000000000000c28c                abort
 *fill*         0x000000000000c29a        0x2 
 .text.__errno  0x000000000000c29c        0xc /Applications/KDS_v3.app/Contents/toolchain/bin/../lib/gcc/arm-none-eabi/4.8.4/../../../../arm-none-eabi/lib/armv7e-m/fpu/libg_s.a(lib_a-errno.o)
                0x000000000000c29c                __errno
 .text.exit     0x000000000000c2a8       0x28 /Applications/KDS_v3.app/Contents/toolchain/bin/../lib/gcc/arm-none-eabi/4.8.4/../../../../arm-none-eabi/lib/armv7e-m/fpu/libg_s.a(lib_a-exit.o)
                0x000000000000c2a8                exit
 .text.__libc_init_array
                0x000000000000c2d0       0x4c /Applications/KDS_v3.app/Contents/toolchain/bin/../lib/gcc/arm-none-eabi/4.8.4/../../../../arm-none-eabi/lib/armv7e-m/fpu/libg_s.a(lib_a-init.o)
                0x000000000000c2d0                __libc_init_array
 .text.memcpy   0x000000000000c31c       0x12 /Applications/KDS_v3.app/Contents/toolchain/bin/../lib/gcc/arm-none-eabi/4.8.4/../../../../arm-none-eabi/lib/armv7e-m/fpu/libg_s.a(lib_a-memcpy-stub.o)
                0x000000000000c31c                memcpy
 .text.memset   0x000000000000c32e       0x10 /Applications/KDS_v3.app/Contents/toolchain/bin/../lib/gcc/arm-none-eabi/4.8.4/../../../../arm-none-eabi/lib/armv7e-m/fpu/libg_s.a(lib_a-memset.o)
                0x000000000000c32e                memset
 .text._raise_r
                0x000000000000c33e       0x50 /Applications/KDS_v3.app/Contents/toolchain/bin/../lib/gcc/arm-none-eabi/4.8.4/../../../../arm-none-eabi/lib/armv7e-m/fpu/libg_s.a(lib_a-signal.o)
                0x000000000000c33e                _raise_r
 *fill*         0x000000000000c38e        0x2 
 .text.raise    0x000000000000c390       0x10 /Applications/KDS_v3.app/Contents/toolchain/bin/../lib/gcc/arm-none-eabi/4.8.4/../../../../arm-none-eabi/lib/armv7e-m/fpu/libg_s.a(lib_a-signal.o)
                0x000000000000c390                raise
 .text._kill_r  0x000000000000c3a0       0x24 /Applications/KDS_v3.app/Contents/toolchain/bin/../lib/gcc/arm-none-eabi/4.8.4/../../../../arm-none-eabi/lib/armv7e-m/fpu/libg_s.a(lib_a-signalr.o)
                0x000000000000c3a0                _kill_r
 .text._getpid_r
                0x000000000000c3c4        0x4 /Applications/KDS_v3.app/Contents/toolchain/bin/../lib/gcc/arm-none-eabi/4.8.4/../../../../arm-none-eabi/lib/armv7e-m/fpu/libg_s.a(lib_a-signalr.o)
                0x000000000000c3c4                _getpid_r
 .text.strlen   0x000000000000c3c8       0x10 /Applications/KDS_v3.app/Contents/toolchain/bin/../lib/gcc/arm-none-eabi/4.8.4/../../../../arm-none-eabi/lib/armv7e-m/fpu/libg_s.a(lib_a-strlen.o)
                0x000000000000c3c8                strlen
 .text._getpid  0x000000000000c3d8       0x10 /Applications/KDS_v3.app/Contents/toolchain/bin/../lib/gcc/arm-none-eabi/4.8.4/../../../../arm-none-eabi/lib/armv7e-m/fpu/libnosys.a(getpid.o)
                0x000000000000c3d8                _getpid
 .text._kill    0x000000000000c3e8       0x10 /Applications/KDS_v3.app/Contents/toolchain/bin/../lib/gcc/arm-none-eabi/4.8.4/../../../../arm-none-eabi/lib/armv7e-m/fpu/libnosys.a(kill.o)
                0x000000000000c3e8                _kill
 .text._exit    0x000000000000c3f8        0x4 /Applications/KDS_v3.app/Contents/toolchain/bin/../lib/gcc/arm-none-eabi/4.8.4/../../../../arm-none-eabi/lib/armv7e-m/fpu/libnosys.a(_exit.o)
                0x000000000000c3f8                _exit
 *(.rodata)
 .rodata        0x000000000000c3fc       0x28 ./source/button.o
 .rodata        0x000000000000c424       0x10 ./source/flowsensor.o
 .rodata        0x000000000000c434      0x118 ./source/main.o
 .rodata        0x000000000000c54c       0x34 ./source/pressuresensor.o
 .rodata        0x000000000000c580        0x8 ./freertos/Source/tasks.o
 .rodata        0x000000000000c588       0x10 ./freertos/Source/timers.o
 .rodata        0x000000000000c598       0x70 ./drivers/fsl_adc16.o
 .rodata        0x000000000000c608       0xb8 ./drivers/fsl_clock.o
 .rodata        0x000000000000c6c0       0x40 ./drivers/fsl_common.o
 .rodata        0x000000000000c700       0xa0 ./drivers/fsl_dspi.o
 .rodata        0x000000000000c7a0      0x238 ./drivers/fsl_edma.o
 .rodata        0x000000000000c9d8      0x2f0 ./drivers/fsl_enet.o
 .rodata        0x000000000000ccc8      0x2cc ./drivers/fsl_flexcan.o
 .rodata        0x000000000000cf94       0x48 ./drivers/fsl_gpio.o
 .rodata        0x000000000000cfdc       0x50 ./drivers/fsl_lpuart.o
 .rodata        0x000000000000d02c       0x70 ./drivers/fsl_sai.o
 .rodata        0x000000000000d09c      0x19c ./drivers/fsl_sdhc.o
 .rodata        0x000000000000d238       0xc4 ./drivers/fsl_uart.o
 .rodata        0x000000000000d2fc       0x20 ./board/pin_mux.o
 *(.rodata*)
 .rodata._ZZ4mainE19__PRETTY_FUNCTION__
                0x000000000000d31c        0xc ./source/main.o
 .rodata._ZZ31ADC16_GetChannelConversionValueE19__PRETTY_FUNCTION__
                0x000000000000d328       0x40 ./source/pressuresensor.o
 .rodata.s_adc16Bases
                0x000000000000d368        0x8 ./drivers/fsl_adc16.o
 .rodata.s_adc16Clocks
                0x000000000000d370        0x8 ./drivers/fsl_adc16.o
                0x000000000000d370                s_adc16Clocks
 .rodata.__func__.7208
                0x000000000000d378       0x14 ./drivers/fsl_adc16.o
 .rodata.__func__.7213
                0x000000000000d38c        0xc ./drivers/fsl_adc16.o
 .rodata.__func__.7221
                0x000000000000d398       0x18 ./drivers/fsl_adc16.o
 .rodata.__func__.7264
                0x000000000000d3b0       0x18 ./drivers/fsl_adc16.o
 .rodata.__func__.7270
                0x000000000000d3c8       0x1c ./drivers/fsl_adc16.o
 .rodata.__func__.7101
                0x000000000000d3e4       0x18 ./drivers/fsl_clock.o
 .rodata.fllFactorTable.7252
                0x000000000000d3fc       0x10 ./drivers/fsl_clock.o
 .rodata.__func__.7320
                0x000000000000d40c       0x14 ./drivers/fsl_clock.o
 .rodata.__func__.7523
                0x000000000000d420       0x14 ./drivers/fsl_clock.o
 .rodata.s_dspiBases
                0x000000000000d434        0xc ./drivers/fsl_dspi.o
 .rodata.s_dspiIRQ
                0x000000000000d440        0x4 ./drivers/fsl_dspi.o
 .rodata.s_dspiClock
                0x000000000000d444        0xc ./drivers/fsl_dspi.o
 .rodata.__func__.7466
                0x000000000000d450       0x14 ./drivers/fsl_dspi.o
 .rodata.__func__.7703
                0x000000000000d464       0x20 ./drivers/fsl_dspi.o
 .rodata.__func__.7709
                0x000000000000d484       0x20 ./drivers/fsl_dspi.o
 .rodata.__func__.7752
                0x000000000000d4a4       0x18 ./drivers/fsl_dspi.o
 .rodata.__func__.7756
                0x000000000000d4bc       0x18 ./drivers/fsl_dspi.o
 .rodata.__func__.7760
                0x000000000000d4d4       0x18 ./drivers/fsl_dspi.o
 .rodata.__func__.7500
                0x000000000000d4ec       0x1c ./drivers/fsl_edma.o
 .rodata.__func__.7586
                0x000000000000d508       0x10 ./drivers/fsl_edma.o
 .rodata.__func__.7534
                0x000000000000d518       0x18 ./drivers/fsl_enet.o
 .rodata.__func__.7539
                0x000000000000d530       0x18 ./drivers/fsl_enet.o
 .rodata.__func__.7544
                0x000000000000d548       0x18 ./drivers/fsl_enet.o
 .rodata.__func__.7424
                0x000000000000d560       0x18 ./drivers/fsl_flexcan.o
 .rodata.__func__.7488
                0x000000000000d578       0x18 ./drivers/fsl_flexcan.o
 .rodata.__func__.7537
                0x000000000000d590       0x14 ./drivers/fsl_flexcan.o
 .rodata.__func__.7544
                0x000000000000d5a4       0x14 ./drivers/fsl_flexcan.o
 .rodata.__func__.7601
                0x000000000000d5b8       0x1c ./drivers/fsl_flexcan.o
 .rodata.__func__.7607
                0x000000000000d5d4       0x20 ./drivers/fsl_flexcan.o
 .rodata.__func__.7612
                0x000000000000d5f4       0x24 ./drivers/fsl_flexcan.o
 .rodata.__func__.7617
                0x000000000000d618       0x1c ./drivers/fsl_flexcan.o
 .rodata.__func__.7639
                0x000000000000d634       0x18 ./drivers/fsl_flexcan.o
 .rodata.__func__.7643
                0x000000000000d64c       0x18 ./drivers/fsl_flexcan.o
 .rodata.__func__.7124
                0x000000000000d664       0x10 ./drivers/fsl_gpio.o
 .rodata.__func__.7286
                0x000000000000d674       0x14 ./drivers/fsl_lpuart.o
 .rodata.__func__.7320
                0x000000000000d688        0xc ./drivers/fsl_lpuart.o
 .rodata.__func__.7342
                0x000000000000d694       0x18 ./drivers/fsl_lpuart.o
 .rodata.__func__.7599
                0x000000000000d6ac       0x18 ./drivers/fsl_sai.o
 .rodata.__func__.7604
                0x000000000000d6c4       0x1c ./drivers/fsl_sai.o
 .rodata.__func__.7609
                0x000000000000d6e0       0x18 ./drivers/fsl_sai.o
 .rodata.__func__.7617
                0x000000000000d6f8       0x18 ./drivers/fsl_sai.o
 .rodata.__func__.7624
                0x000000000000d710       0x1c ./drivers/fsl_sai.o
 .rodata.__func__.7628
                0x000000000000d72c       0x1c ./drivers/fsl_sai.o
 .rodata.__func__.7568
                0x000000000000d748       0x1c ./drivers/fsl_sdhc.o
 .rodata.__func__.7407
                0x000000000000d764       0x18 ./drivers/fsl_sdhc.o
 .rodata.__func__.7577
                0x000000000000d77c       0x14 ./drivers/fsl_sdhc.o
 .rodata.__func__.7604
                0x000000000000d790       0x14 ./drivers/fsl_sdhc.o
 .rodata.__func__.7666
                0x000000000000d7a4       0x20 ./drivers/fsl_sdhc.o
 .rodata.__func__.7672
                0x000000000000d7c4       0x1c ./drivers/fsl_sdhc.o
 .rodata.__func__.7678
                0x000000000000d7e0       0x18 ./drivers/fsl_sdhc.o
 .rodata.__func__.7815
                0x000000000000d7f8       0x18 ./drivers/fsl_sdhc.o
 .rodata.__func__.7820
                0x000000000000d810       0x18 ./drivers/fsl_sdhc.o
 .rodata.s_uartBases
                0x000000000000d828       0x14 ./drivers/fsl_uart.o
 .rodata.s_uartClock
                0x000000000000d83c       0x14 ./drivers/fsl_uart.o
 .rodata.__func__.7295
                0x000000000000d850       0x14 ./drivers/fsl_uart.o
 .rodata.__func__.7309
                0x000000000000d864        0xc ./drivers/fsl_uart.o
 .rodata.__func__.7325
                0x000000000000d870       0x18 ./drivers/fsl_uart.o
 .rodata.g_defaultClockConfigRun
                0x000000000000d888       0x20 ./board/clock_config.o
                0x000000000000d888                g_defaultClockConfigRun
 .rodata.__func__.7135
                0x000000000000d8a8       0x14 ./board/pin_mux.o
 .rodata.str1.4
                0x000000000000d8bc        0x4 /Applications/KDS_v3.app/Contents/toolchain/bin/../lib/gcc/arm-none-eabi/4.8.4/../../../../arm-none-eabi/lib/armv7e-m/fpu/libm.a(lib_a-w_pow.o)
 .rodata.dp_h   0x000000000000d8c0       0x10 /Applications/KDS_v3.app/Contents/toolchain/bin/../lib/gcc/arm-none-eabi/4.8.4/../../../../arm-none-eabi/lib/armv7e-m/fpu/libm.a(lib_a-e_pow.o)
 .rodata.dp_l   0x000000000000d8d0       0x10 /Applications/KDS_v3.app/Contents/toolchain/bin/../lib/gcc/arm-none-eabi/4.8.4/../../../../arm-none-eabi/lib/armv7e-m/fpu/libm.a(lib_a-e_pow.o)
 .rodata.bp     0x000000000000d8e0       0x10 /Applications/KDS_v3.app/Contents/toolchain/bin/../lib/gcc/arm-none-eabi/4.8.4/../../../../arm-none-eabi/lib/armv7e-m/fpu/libm.a(lib_a-e_pow.o)
 .rodata.str1.4
                0x000000000000d8f0        0x4 /Applications/KDS_v3.app/Contents/toolchain/bin/../lib/gcc/arm-none-eabi/4.8.4/../../../../arm-none-eabi/lib/armv7e-m/fpu/libm.a(lib_a-e_pow.o)
 *fill*         0x000000000000d8f4        0x4 
 .rodata.TWO52  0x000000000000d8f8       0x10 /Applications/KDS_v3.app/Contents/toolchain/bin/../lib/gcc/arm-none-eabi/4.8.4/../../../../arm-none-eabi/lib/armv7e-m/fpu/libm.a(lib_a-s_rint.o)
 .rodata.str1.1
                0x000000000000d908        0x2 /Applications/KDS_v3.app/Contents/toolchain/bin/../lib/gcc/arm-none-eabi/4.8.4/../../../../arm-none-eabi/lib/armv7e-m/fpu/libg_s.a(lib_a-impure.o)
 *fill*         0x000000000000d90a        0x2 
 .rodata._global_impure_ptr
                0x000000000000d90c        0x4 /Applications/KDS_v3.app/Contents/toolchain/bin/../lib/gcc/arm-none-eabi/4.8.4/../../../../arm-none-eabi/lib/armv7e-m/fpu/libg_s.a(lib_a-impure.o)
                0x000000000000d90c                _global_impure_ptr
 *(.glue_7)
 .glue_7        0x0000000000000000        0x0 linker stubs
 *(.glue_7t)
 .glue_7t       0x0000000000000000        0x0 linker stubs
 *(.eh_frame)
 .eh_frame      0x000000000000d910        0x0 /Applications/KDS_v3.app/Contents/toolchain/bin/../lib/gcc/arm-none-eabi/4.8.4/armv7e-m/fpu/crtbegin.o
 *(.init)
 .init          0x000000000000d910        0x4 /Applications/KDS_v3.app/Contents/toolchain/bin/../lib/gcc/arm-none-eabi/4.8.4/armv7e-m/fpu/crti.o
                0x000000000000d910                _init
 .init          0x000000000000d914        0x8 /Applications/KDS_v3.app/Contents/toolchain/bin/../lib/gcc/arm-none-eabi/4.8.4/armv7e-m/fpu/crtn.o
 *(.fini)
 .fini          0x000000000000d91c        0x4 /Applications/KDS_v3.app/Contents/toolchain/bin/../lib/gcc/arm-none-eabi/4.8.4/armv7e-m/fpu/crti.o
                0x000000000000d91c                _fini
 .fini          0x000000000000d920        0x8 /Applications/KDS_v3.app/Contents/toolchain/bin/../lib/gcc/arm-none-eabi/4.8.4/armv7e-m/fpu/crtn.o
                0x000000000000d928                . = ALIGN (0x4)

.vfp11_veneer   0x000000000000d928        0x0
 .vfp11_veneer  0x0000000000000000        0x0 linker stubs

.v4_bx          0x000000000000d928        0x0
 .v4_bx         0x0000000000000000        0x0 linker stubs

.iplt           0x000000000000d928        0x0
 .iplt          0x0000000000000000        0x0 /Applications/KDS_v3.app/Contents/toolchain/bin/../lib/gcc/arm-none-eabi/4.8.4/armv7e-m/fpu/crtbegin.o

.ARM.extab      0x000000000000d928       0xa8
 *(.ARM.extab* .gnu.linkonce.armextab.*)
 .ARM.extab.text._Z11button_taskPv
                0x000000000000d928        0xc ./source/button.o
 .ARM.extab.text._Z4initv
                0x000000000000d934        0xc ./source/flowsensor.o
 .ARM.extab.text._Z16flow_sensor_taskPv
                0x000000000000d940        0xc ./source/flowsensor.o
 .ARM.extab.text._Z11pin_hr_taskPv
                0x000000000000d94c        0xc ./source/heartrate.o
 .ARM.extab.text._Z22DSPI_SlaveUserCallbackP8SPI_TypeP18_dspi_slave_handlelPv
                0x000000000000d958        0xc ./source/main.o
 .ARM.extab.text._ZL14spi_proto_taskPv
                0x000000000000d964        0xc ./source/main.o
 .ARM.extab.text.main
                0x000000000000d970        0xc ./source/main.o
 .ARM.extab.text._Z10motor_taskPv
                0x000000000000d97c        0xc ./source/motorcontrol.o
 .ARM.extab.text.ADC16_GetChannelConversionValue
                0x000000000000d988        0xc ./source/pressuresensor.o
 .ARM.extab.text._Z12polling_taskPv
                0x000000000000d994        0xc ./source/pressuresensor.o
 .ARM.extab.text._Z13solenoid_taskPv
                0x000000000000d9a0        0xc ./source/solenoid.o
 .ARM.extab     0x000000000000d9ac        0xc /Applications/KDS_v3.app/Contents/toolchain/bin/../lib/gcc/arm-none-eabi/4.8.4/armv7e-m/fpu/libgcc.a(unwind-arm.o)
 .ARM.extab     0x000000000000d9b8       0x18 /Applications/KDS_v3.app/Contents/toolchain/bin/../lib/gcc/arm-none-eabi/4.8.4/armv7e-m/fpu/libgcc.a(pr-support.o)

.ARM            0x000000000000d9d0      0x168
                0x000000000000d9d0                __exidx_start = .
 *(.ARM.exidx*)
 .ARM.exidx     0x000000000000d9d0        0x8 /Applications/KDS_v3.app/Contents/toolchain/bin/../lib/gcc/arm-none-eabi/4.8.4/../../../../arm-none-eabi/lib/armv7e-m/fpu/crt0.o
 .ARM.exidx.text.GPIO_ReadPinInput
                0x000000000000da98        0x0 ./source/button.o
                                          0x8 (size before relaxing)
 .ARM.exidx.text._Z11button_taskPv
                0x000000000000da98        0x8 ./source/button.o
 .ARM.exidx.text.NVIC_EnableIRQ
                0x000000000000daa0        0x8 ./source/flowsensor.o
 .ARM.exidx.text.NVIC_SetPriority
                0x000000000000daa8        0x0 ./source/flowsensor.o
                                          0x8 (size before relaxing)
 .ARM.exidx.text.EnableIRQ
                0x000000000000daa8        0x0 ./source/flowsensor.o
                                          0x8 (size before relaxing)
 .ARM.exidx.text.GPIO_SetPinsOutput
                0x000000000000daa8        0x0 ./source/flowsensor.o
                                          0x8 (size before relaxing)
 .ARM.exidx.text.GPIO_ClearPinsOutput
                0x000000000000daa8        0x0 ./source/flowsensor.o
                                          0x8 (size before relaxing)
 .ARM.exidx.text.PORT_SetPinMux
                0x000000000000daa8        0x0 ./source/flowsensor.o
                                          0x8 (size before relaxing)
 .ARM.exidx.text.PORT_SetPinInterruptConfig
                0x000000000000daa8        0x0 ./source/flowsensor.o
                                          0x8 (size before relaxing)
 .ARM.exidx.text._Z4initv
                0x000000000000daa8        0x8 ./source/flowsensor.o
 .ARM.exidx.text._Z16flow_sensor_taskPv
                0x000000000000dab0        0x8 ./source/flowsensor.o
 .ARM.exidx.text.GPIO_TogglePinsOutput
                0x000000000000dab8        0x8 ./source/heartrate.o
 .ARM.exidx.text._Z11pin_hr_taskPv
                0x000000000000dac0        0x8 ./source/heartrate.o
 .ARM.exidx.text.NVIC_SetPriority
                0x000000000000dac8        0x8 ./source/main.o
 .ARM.exidx.text._Z22DSPI_SlaveUserCallbackP8SPI_TypeP18_dspi_slave_handlelPv
                0x000000000000dad0        0x8 ./source/main.o
 .ARM.exidx.text._ZL14spi_proto_taskPv
                0x000000000000dad8        0x8 ./source/main.o
 .ARM.exidx.text._ZL10hello_taskPv
                0x000000000000dae0        0x8 ./source/main.o
 .ARM.exidx.text.main
                0x000000000000dae8        0x8 ./source/main.o
 .ARM.exidx.text.GPIO_SetPinsOutput
                0x000000000000daf0        0x8 ./source/motorcontrol.o
 .ARM.exidx.text.GPIO_ClearPinsOutput
                0x000000000000daf8        0x0 ./source/motorcontrol.o
                                          0x8 (size before relaxing)
 .ARM.exidx.text._Z8motor_onv
                0x000000000000daf8        0x0 ./source/motorcontrol.o
                                          0x8 (size before relaxing)
 .ARM.exidx.text._Z9motor_offv
                0x000000000000daf8        0x0 ./source/motorcontrol.o
                                          0x8 (size before relaxing)
 .ARM.exidx.text._Z10motor_taskPv
                0x000000000000daf8        0x8 ./source/motorcontrol.o
 .ARM.exidx.text.ADC16_EnableHardwareTrigger
                0x000000000000db00        0x8 ./source/pressuresensor.o
 .ARM.exidx.text.ADC16_GetChannelConversionValue
                0x000000000000db08        0x8 ./source/pressuresensor.o
 .ARM.exidx.text._Z12polling_initv
                0x000000000000db10        0x8 ./source/pressuresensor.o
 .ARM.exidx.text._Z12polling_taskPv
                0x000000000000db18        0x8 ./source/pressuresensor.o
 .ARM.exidx.text._ZN8pressure7get_psiEv
                0x000000000000db20        0x8 ./source/pressuresensor.o
 .ARM.exidx.text.GPIO_ClearPinsOutput
                0x000000000000db28        0x0 ./source/solenoid.o
                                          0x8 (size before relaxing)
 .ARM.exidx.text.GPIO_TogglePinsOutput
                0x000000000000db28        0x0 ./source/solenoid.o
                                          0x8 (size before relaxing)
 .ARM.exidx.text._Z14hemorrhage_offv
                0x000000000000db28        0x0 ./source/solenoid.o
                                          0x8 (size before relaxing)
 .ARM.exidx.text._Z17hemorrhage_togglev
                0x000000000000db28        0x0 ./source/solenoid.o
                                          0x8 (size before relaxing)
 .ARM.exidx.text._Z15swelling_togglev
                0x000000000000db28        0x0 ./source/solenoid.o
                                          0x8 (size before relaxing)
 .ARM.exidx.text._Z13solenoid_taskPv
                0x000000000000db28        0x8 ./source/solenoid.o
 .ARM.exidx.text._ZN9spi_proto17slave_get_messageERNS_9spi_protoEPhi
                0x000000000000db30        0x8 ./source/spi_proto_slave.o
 .ARM.exidx.text._ZN9spi_proto18slave_send_messageERNS_9spi_protoEPhi
                0x000000000000db38        0x0 ./source/spi_proto_slave.o
                                          0x8 (size before relaxing)
 .ARM.exidx.text._ZN9spi_proto13slave_do_tickERNS_9spi_protoE
                0x000000000000db38        0x0 ./source/spi_proto_slave.o
                                          0x8 (size before relaxing)
 .ARM.exidx.text._ZN9spi_proto3popERNS_9spi_proto9msg_queueERNS_3msgE
                0x000000000000db38        0x0 ./source/spi_proto_slave.o
                                          0x8 (size before relaxing)
 .ARM.exidx.text._ZN9spi_proto4pushERNS_9spi_proto9msg_queueERNS_3msgE
                0x000000000000db38        0x0 ./source/spi_proto_slave.o
                                          0x8 (size before relaxing)
 .ARM.exidx.text._ZN9spi_proto5resetERNS_9spi_proto9msg_queueE
                0x000000000000db38        0x0 ./source/spi_proto_slave.o
                                          0x8 (size before relaxing)
 .ARM.exidx     0x000000000000d9d8       0x88 /Applications/KDS_v3.app/Contents/toolchain/bin/../lib/gcc/arm-none-eabi/4.8.4/armv7e-m/fpu/libgcc.a(unwind-arm.o)
                                         0xd8 (size before relaxing)
 .ARM.exidx     0x000000000000da60       0x38 /Applications/KDS_v3.app/Contents/toolchain/bin/../lib/gcc/arm-none-eabi/4.8.4/armv7e-m/fpu/libgcc.a(pr-support.o)
                                         0x48 (size before relaxing)
 .ARM.exidx     0x000000000000da98        0x0 /Applications/KDS_v3.app/Contents/toolchain/bin/../lib/gcc/arm-none-eabi/4.8.4/armv7e-m/fpu/libgcc.a(_divdi3.o)
                                          0x8 (size before relaxing)
 .ARM.exidx     0x000000000000da98        0x0 /Applications/KDS_v3.app/Contents/toolchain/bin/../lib/gcc/arm-none-eabi/4.8.4/armv7e-m/fpu/libgcc.a(_udivdi3.o)
                                          0x8 (size before relaxing)
                0x000000000000db38                __exidx_end = .

.rel.dyn        0x000000000000db38        0x0
 .rel.iplt      0x0000000000000000        0x0 /Applications/KDS_v3.app/Contents/toolchain/bin/../lib/gcc/arm-none-eabi/4.8.4/armv7e-m/fpu/crtbegin.o

.ctors          0x000000000000db38        0x0
                0x000000000000db38                __CTOR_LIST__ = .
 *crtbegin.o(.ctors)
 *crtbegin?.o(.ctors)
 *(EXCLUDE_FILE(*crtend.o *crtend?.o) .ctors)
 *(SORT(.ctors.*))
 *(.ctors)
                0x000000000000db38                __CTOR_END__ = .

.dtors          0x000000000000db38        0x0
                0x000000000000db38                __DTOR_LIST__ = .
 *crtbegin.o(.dtors)
 *crtbegin?.o(.dtors)
 *(EXCLUDE_FILE(*crtend.o *crtend?.o) .dtors)
 *(SORT(.dtors.*))
 *(.dtors)
                0x000000000000db38                __DTOR_END__ = .

.preinit_array  0x000000000000db38        0x0
                0x000000000000db38                PROVIDE (__preinit_array_start, .)
 *(.preinit_array*)
                0x000000000000db38                PROVIDE (__preinit_array_end, .)

.init_array     0x000000000000db38        0x4
                0x000000000000db38                PROVIDE (__init_array_start, .)
 *(SORT(.init_array.*))
 *(.init_array*)
 .init_array    0x000000000000db38        0x4 /Applications/KDS_v3.app/Contents/toolchain/bin/../lib/gcc/arm-none-eabi/4.8.4/armv7e-m/fpu/crtbegin.o
                0x000000000000db3c                PROVIDE (__init_array_end, .)

.fini_array     0x000000000000db3c        0x4
                0x000000000000db3c                PROVIDE (__fini_array_start, .)
 *(SORT(.fini_array.*))
 *(.fini_array*)
 .fini_array    0x000000000000db3c        0x4 /Applications/KDS_v3.app/Contents/toolchain/bin/../lib/gcc/arm-none-eabi/4.8.4/armv7e-m/fpu/crtbegin.o
                0x000000000000db40                PROVIDE (__fini_array_end, .)
                0x000000000000db40                __etext = .
                0x000000000000db40                __DATA_ROM = .

.interrupts_ram
                0x000000001fff0000        0x0
                0x000000001fff0000                . = ALIGN (0x4)
                0x000000001fff0000                __VECTOR_RAM__ = .
                0x000000001fff0000                __interrupts_ram_start__ = .
 *(.m_interrupts_ram)
                0x000000001fff0000                . = (. + M_VECTOR_RAM_SIZE)
                0x000000001fff0000                . = ALIGN (0x4)
                0x000000001fff0000                __interrupts_ram_end__ = .
                0x0000000000000000                __VECTOR_RAM = DEFINED (__ram_vector_table__)?__VECTOR_RAM__:ORIGIN (m_interrupts)
                0x0000000000000000                __RAM_VECTOR_TABLE_SIZE_BYTES = DEFINED (__ram_vector_table__)?(__interrupts_ram_end__ - __interrupts_ram_start__):0x0

.data           0x000000001fff0000       0x94 load address 0x000000000000db40
                0x000000001fff0000                . = ALIGN (0x4)
                0x000000001fff0000                __DATA_RAM = .
                0x000000001fff0000                __data_start__ = .
 *(.data)
 *(.data*)
 .data.SystemCoreClock
                0x000000001fff0000        0x4 ./startup/system_MK66F18.o
                0x000000001fff0000                SystemCoreClock
 .data.led_delay_time
                0x000000001fff0004        0x4 ./source/heartrate.o
                0x000000001fff0004                led_delay_time
 .data.slaveConfig
                0x000000001fff0008       0x10 ./source/main.o
                0x000000001fff0008                slaveConfig
 .data.ratio    0x000000001fff0018        0x4 ./source/pressuresensor.o
                0x000000001fff0018                ratio
 .data.uxCriticalNesting
                0x000000001fff001c        0x4 ./freertos/Source/portable/GCC/ARM_CM4F/port.o
 .data.s_slowIrcFreq
                0x000000001fff0020        0x4 ./drivers/fsl_clock.o
 .data.s_fastIrcFreq
                0x000000001fff0024        0x4 ./drivers/fsl_clock.o
 .data.__fdlib_version
                0x000000001fff0028        0x1 /Applications/KDS_v3.app/Contents/toolchain/bin/../lib/gcc/arm-none-eabi/4.8.4/../../../../arm-none-eabi/lib/armv7e-m/fpu/libm.a(lib_a-s_lib_ver.o)
                0x000000001fff0028                __fdlib_version
 *fill*         0x000000001fff0029        0x3 
 .data.impure_data